[2025-11-19 22:40:16] Ejecutando consulta SQL
[2025-11-19 22:40:16] === INICIO DEL PROCESO ===
[2025-11-19 22:40:16] Total de correos a enviar: 159
[2025-11-19 22:40:16] Registros encontrados: 159
[2025-11-19 22:40:16] --- Procesando registro ID: 95 ---
[2025-11-19 22:40:16] Preparando envío a: jlaurachoque@gmail.com
[2025-11-19 22:40:16] ✓ ENVIADO exitosamente a: jlaurachoque@gmail.com
[2025-11-19 22:40:16] Esperando 3 segundos...
[2025-11-19 22:40:19] --- Procesando registro ID: 96 ---
[2025-11-19 22:40:19] Preparando envío a: fsiles2701@gmail.com
[2025-11-19 22:40:19] ✓ ENVIADO exitosamente a: fsiles2701@gmail.com
[2025-11-19 22:40:19] Esperando 3 segundos...
[2025-11-19 22:40:22] --- Procesando registro ID: 97 ---
[2025-11-19 22:40:22] Preparando envío a: d23c11r01@gmail.com
[2025-11-19 22:40:23] ✓ ENVIADO exitosamente a: d23c11r01@gmail.com
[2025-11-19 22:40:23] Esperando 3 segundos...
[2025-11-19 22:40:26] --- Procesando registro ID: 98 ---
[2025-11-19 22:40:26] Preparando envío a: salazarroblesjose@gmail.com
[2025-11-19 22:40:26] ✓ ENVIADO exitosamente a: salazarroblesjose@gmail.com
[2025-11-19 22:40:26] Esperando 3 segundos...
[2025-11-19 22:40:29] --- Procesando registro ID: 99 ---
[2025-11-19 22:40:29] Preparando envío a: mvalenciah@inacap.cl
[2025-11-19 22:40:29] ✓ ENVIADO exitosamente a: mvalenciah@inacap.cl
[2025-11-19 22:40:29] Esperando 3 segundos...
[2025-11-19 22:40:32] --- Procesando registro ID: 100 ---
[2025-11-19 22:40:32] Preparando envío a: vivian.cornejo2021@gmail.com
[2025-11-19 22:40:32] ✓ ENVIADO exitosamente a: vivian.cornejo2021@gmail.com
[2025-11-19 22:40:32] Esperando 3 segundos...
[2025-11-19 22:40:35] --- Procesando registro ID: 101 ---
[2025-11-19 22:40:35] Preparando envío a: contadoralmonacid@yahoo.es
[2025-11-19 22:40:35] ✓ ENVIADO exitosamente a: contadoralmonacid@yahoo.es
[2025-11-19 22:40:35] Esperando 3 segundos...
[2025-11-19 22:40:35] --- Procesando registro ID: 102 ---
[2025-11-19 22:40:35] Preparando envío a: Victor.oryan@grupogtd.com
[2025-11-19 22:40:36] ✓ ENVIADO exitosamente a: Victor.oryan@grupogtd.com
[2025-11-19 22:40:36] Esperando 3 segundos...
[2025-11-19 22:40:39] --- Procesando registro ID: 103 ---
[2025-11-19 22:40:39] Preparando envío a: ivan.berrios@zofri.cl
[2025-11-19 22:40:39] ✓ ENVIADO exitosamente a: ivan.berrios@zofri.cl
[2025-11-19 22:40:39] Esperando 3 segundos...
[2025-11-19 22:40:42] --- Procesando registro ID: 104 ---
[2025-11-19 22:40:42] Preparando envío a: felipe.albistur@zofri.cl
[2025-11-19 22:40:42] ✓ ENVIADO exitosamente a: felipe.albistur@zofri.cl
[2025-11-19 22:40:42] Esperando 3 segundos...
[2025-11-19 22:40:45] --- Procesando registro ID: 105 ---
[2025-11-19 22:40:45] Preparando envío a: leopoldo.valenzuela@zofri.cl
[2025-11-19 22:40:45] ✓ ENVIADO exitosamente a: leopoldo.valenzuela@zofri.cl
[2025-11-19 22:40:45] Esperando 3 segundos...
[2025-11-19 22:40:48] --- Procesando registro ID: 106 ---
[2025-11-19 22:40:48] Preparando envío a: agencia.decimoquinta@gmail.com
[2025-11-19 22:40:48] ✓ ENVIADO exitosamente a: agencia.decimoquinta@gmail.com
[2025-11-19 22:40:48] Esperando 3 segundos...
[2025-11-19 22:40:51] --- Procesando registro ID: 107 ---
[2025-11-19 22:40:51] Preparando envío a: alezitha.sanchez21@gmail.com
[2025-11-19 22:40:51] ✓ ENVIADO exitosamente a: alezitha.sanchez21@gmail.com
[2025-11-19 22:40:51] Esperando 3 segundos...
[2025-11-19 22:40:54] --- Procesando registro ID: 108 ---
[2025-11-19 22:40:54] Preparando envío a: asesorialogisticasanhueza@gmail.com
[2025-11-19 22:40:54] ✓ ENVIADO exitosamente a: asesorialogisticasanhueza@gmail.com
[2025-11-19 22:40:54] Esperando 3 segundos...
[2025-11-19 22:40:57] --- Procesando registro ID: 109 ---
[2025-11-19 22:40:57] Preparando envío a: amontalar@hacienda.gov.cl
[2025-11-19 22:40:57] ✓ ENVIADO exitosamente a: amontalar@hacienda.gov.cl
[2025-11-19 22:40:57] Esperando 3 segundos...
[2025-11-19 22:41:00] === FIN DE LOTE - Pausa de 45 segundos ===
[2025-11-19 22:41:40] === REANUDANDO ENVÍOS ===
[2025-11-19 22:41:40] --- Procesando registro ID: 111 ---
[2025-11-19 22:41:40] Preparando envío a: alexquispe2706@gmail.com
[2025-11-19 22:41:40] ✓ ENVIADO exitosamente a: alexquispe2706@gmail.com
[2025-11-19 22:41:40] Esperando 3 segundos...
[2025-11-19 22:41:43] --- Procesando registro ID: 112 ---
[2025-11-19 22:41:43] Preparando envío a: yerkopintott@gmail.com
[2025-11-19 22:41:43] ✓ ENVIADO exitosamente a: yerkopintott@gmail.com
[2025-11-19 22:41:43] Esperando 3 segundos...
[2025-11-19 22:41:46] --- Procesando registro ID: 114 ---
[2025-11-19 22:41:46] Preparando envío a: adrianachoque@gmail.com
[2025-11-19 22:41:46] ✓ ENVIADO exitosamente a: adrianachoque@gmail.com
[2025-11-19 22:41:46] Esperando 3 segundos...
[2025-11-19 22:41:49] --- Procesando registro ID: 115 ---
[2025-11-19 22:41:49] Preparando envío a: jzuniga@economia.cl
[2025-11-19 22:41:49] ✓ ENVIADO exitosamente a: jzuniga@economia.cl
[2025-11-19 22:41:49] Esperando 3 segundos...
[2025-11-19 22:41:52] --- Procesando registro ID: 116 ---
[2025-11-19 22:41:52] Preparando envío a: npakuti@gmail.com
[2025-11-19 22:41:53] ✓ ENVIADO exitosamente a: npakuti@gmail.com
[2025-11-19 22:41:53] Esperando 3 segundos...
[2025-11-19 22:41:56] --- Procesando registro ID: 117 ---
[2025-11-19 22:41:56] Preparando envío a: smunoz@tpa.cl
[2025-11-19 22:41:56] ✓ ENVIADO exitosamente a: smunoz@tpa.cl
[2025-11-19 22:41:56] Esperando 3 segundos...
[2025-11-19 22:41:59] --- Procesando registro ID: 118 ---
[2025-11-19 22:41:59] Preparando envío a: rvillena@logal.cl
[2025-11-19 22:41:59] ✓ ENVIADO exitosamente a: rvillena@logal.cl
[2025-11-19 22:41:59] Esperando 3 segundos...
[2025-11-19 22:42:02] --- Procesando registro ID: 119 ---
[2025-11-19 22:42:02] Preparando envío a: manager@nikaoma.cl
[2025-11-19 22:42:02] ✓ ENVIADO exitosamente a: manager@nikaoma.cl
[2025-11-19 22:42:02] Esperando 3 segundos...
[2025-11-19 22:42:05] --- Procesando registro ID: 120 ---
[2025-11-19 22:42:05] Preparando envío a: dayanna.gonzalez@zofri.cl
[2025-11-19 22:42:05] ✓ ENVIADO exitosamente a: dayanna.gonzalez@zofri.cl
[2025-11-19 22:42:05] Esperando 3 segundos...
[2025-11-19 22:42:05] --- Procesando registro ID: 121 ---
[2025-11-19 22:42:05] Preparando envío a: silvana.vargas@zofri.cl
[2025-11-19 22:42:05] ✓ ENVIADO exitosamente a: silvana.vargas@zofri.cl
[2025-11-19 22:42:05] Esperando 3 segundos...
[2025-11-19 22:42:08] --- Procesando registro ID: 122 ---
[2025-11-19 22:42:08] Preparando envío a: abdonhernan999@gmail.com
[2025-11-19 22:42:08] ✓ ENVIADO exitosamente a: abdonhernan999@gmail.com
[2025-11-19 22:42:08] Esperando 3 segundos...
[2025-11-19 22:42:11] --- Procesando registro ID: 123 ---
[2025-11-19 22:42:11] Preparando envío a: gerencia@pvspa.cl
[2025-11-19 22:42:12] ✓ ENVIADO exitosamente a: gerencia@pvspa.cl
[2025-11-19 22:42:12] Esperando 3 segundos...
[2025-11-19 22:42:15] --- Procesando registro ID: 124 ---
[2025-11-19 22:42:15] Preparando envío a: alvaro.cabrera@msc.com
[2025-11-19 22:42:15] ✓ ENVIADO exitosamente a: alvaro.cabrera@msc.com
[2025-11-19 22:42:15] Esperando 3 segundos...
[2025-11-19 22:42:18] --- Procesando registro ID: 125 ---
[2025-11-19 22:42:18] Preparando envío a: alexis.berrios@cotena.cl
[2025-11-19 22:42:18] ✓ ENVIADO exitosamente a: alexis.berrios@cotena.cl
[2025-11-19 22:42:18] Esperando 3 segundos...
[2025-11-19 22:42:21] --- Procesando registro ID: 126 ---
[2025-11-19 22:42:21] Preparando envío a: fabio.aranibar@gmail.com
[2025-11-19 22:42:21] ✓ ENVIADO exitosamente a: fabio.aranibar@gmail.com
[2025-11-19 22:42:21] Esperando 3 segundos...
[2025-11-19 22:42:24] === FIN DE LOTE - Pausa de 45 segundos ===
[2025-11-19 22:43:06] === REANUDANDO ENVÍOS ===
[2025-11-19 22:43:06] --- Procesando registro ID: 127 ---
[2025-11-19 22:43:06] Preparando envío a: ovillalobos@soprodi.cl
[2025-11-19 22:43:06] ✓ ENVIADO exitosamente a: ovillalobos@soprodi.cl
[2025-11-19 22:43:06] Esperando 3 segundos...
[2025-11-19 22:43:07] --- Procesando registro ID: 128 ---
[2025-11-19 22:43:07] Preparando envío a: hola.daniescobar@gmail.com
[2025-11-19 22:43:07] ✓ ENVIADO exitosamente a: hola.daniescobar@gmail.com
[2025-11-19 22:43:07] Esperando 3 segundos...
[2025-11-19 22:43:10] --- Procesando registro ID: 129 ---
[2025-11-19 22:43:10] Preparando envío a: rcordovae2017@gmail.com
[2025-11-19 22:43:10] ✓ ENVIADO exitosamente a: rcordovae2017@gmail.com
[2025-11-19 22:43:10] Esperando 3 segundos...
[2025-11-19 22:43:13] --- Procesando registro ID: 130 ---
[2025-11-19 22:43:13] Preparando envío a: kvizac@tpa.cl
[2025-11-19 22:43:13] ✓ ENVIADO exitosamente a: kvizac@tpa.cl
[2025-11-19 22:43:13] Esperando 3 segundos...
[2025-11-19 22:43:16] --- Procesando registro ID: 131 ---
[2025-11-19 22:43:16] Preparando envío a: catalinamarinxd@gmail.com
[2025-11-19 22:43:16] ✓ ENVIADO exitosamente a: catalinamarinxd@gmail.com
[2025-11-19 22:43:16] Esperando 3 segundos...
[2025-11-19 22:43:19] --- Procesando registro ID: 132 ---
[2025-11-19 22:43:19] Preparando envío a: alfred.guzman.dvd@gmail.com
[2025-11-19 22:43:19] ✓ ENVIADO exitosamente a: alfred.guzman.dvd@gmail.com
[2025-11-19 22:43:19] Esperando 3 segundos...
[2025-11-19 22:43:22] --- Procesando registro ID: 133 ---
[2025-11-19 22:43:22] Preparando envío a: negretejenni24@gmail.com
[2025-11-19 22:43:22] ✓ ENVIADO exitosamente a: negretejenni24@gmail.com
[2025-11-19 22:43:22] Esperando 3 segundos...
[2025-11-19 22:43:25] --- Procesando registro ID: 134 ---
[2025-11-19 22:43:25] Preparando envío a: kurzua@ucsc.cl
[2025-11-19 22:43:26] ✓ ENVIADO exitosamente a: kurzua@ucsc.cl
[2025-11-19 22:43:26] Esperando 3 segundos...
[2025-11-19 22:43:29] --- Procesando registro ID: 135 ---
[2025-11-19 22:43:29] Preparando envío a: jenniferirenenegretesanchez@gmail.com
[2025-11-19 22:43:29] ✓ ENVIADO exitosamente a: jenniferirenenegretesanchez@gmail.com
[2025-11-19 22:43:29] Esperando 3 segundos...
[2025-11-19 22:43:32] --- Procesando registro ID: 136 ---
[2025-11-19 22:43:32] Preparando envío a: omar.sanchez@sealers.com.pe
[2025-11-19 22:43:32] ✓ ENVIADO exitosamente a: omar.sanchez@sealers.com.pe
[2025-11-19 22:43:32] Esperando 3 segundos...
[2025-11-19 22:43:35] --- Procesando registro ID: 137 ---
[2025-11-19 22:43:35] Preparando envío a: richter056@hotmail.com
[2025-11-19 22:43:35] ✓ ENVIADO exitosamente a: richter056@hotmail.com
[2025-11-19 22:43:35] Esperando 3 segundos...
[2025-11-19 22:43:35] --- Procesando registro ID: 138 ---
[2025-11-19 22:43:35] Preparando envío a: avaloslia123@gmail.com
[2025-11-19 22:43:35] ✓ ENVIADO exitosamente a: avaloslia123@gmail.com
[2025-11-19 22:43:35] Esperando 3 segundos...
[2025-11-19 22:43:38] --- Procesando registro ID: 139 ---
[2025-11-19 22:43:38] Preparando envío a: nataliazeballos1997@gmail.com
[2025-11-19 22:43:38] ✓ ENVIADO exitosamente a: nataliazeballos1997@gmail.com
[2025-11-19 22:43:38] Esperando 3 segundos...
[2025-11-19 22:43:41] --- Procesando registro ID: 140 ---
[2025-11-19 22:43:41] Preparando envío a: ancietaferrufinonoe@gmail.com
[2025-11-19 22:43:42] ✓ ENVIADO exitosamente a: ancietaferrufinonoe@gmail.com
[2025-11-19 22:43:42] Esperando 3 segundos...
[2025-11-19 22:43:45] --- Procesando registro ID: 141 ---
[2025-11-19 22:43:45] Preparando envío a: csilva@benexia.com
[2025-11-19 22:43:45] ✓ ENVIADO exitosamente a: csilva@benexia.com
[2025-11-19 22:43:45] Esperando 3 segundos...
[2025-11-19 22:43:48] === FIN DE LOTE - Pausa de 45 segundos ===
[2025-11-19 22:44:30] === REANUDANDO ENVÍOS ===
[2025-11-19 22:44:30] --- Procesando registro ID: 143 ---
[2025-11-19 22:44:30] Preparando envío a: avaloslia123@gmail.com
[2025-11-19 22:44:30] ✓ ENVIADO exitosamente a: avaloslia123@gmail.com
[2025-11-19 22:44:30] Esperando 3 segundos...
[2025-11-19 22:44:33] --- Procesando registro ID: 144 ---
[2025-11-19 22:44:33] Preparando envío a: iserviceltda@tie.cl
[2025-11-19 22:44:33] ✓ ENVIADO exitosamente a: iserviceltda@tie.cl
[2025-11-19 22:44:33] Esperando 3 segundos...
[2025-11-19 22:44:36] --- Procesando registro ID: 145 ---
[2025-11-19 22:44:36] Preparando envío a: farenasvargas@gmail.com
[2025-11-19 22:44:36] ✓ ENVIADO exitosamente a: farenasvargas@gmail.com
[2025-11-19 22:44:36] Esperando 3 segundos...
[2025-11-19 22:44:37] --- Procesando registro ID: 146 ---
[2025-11-19 22:44:37] Preparando envío a: yerkopintott@gmail.com
[2025-11-19 22:44:37] ✓ ENVIADO exitosamente a: yerkopintott@gmail.com
[2025-11-19 22:44:37] Esperando 3 segundos...
[2025-11-19 22:44:40] --- Procesando registro ID: 147 ---
[2025-11-19 22:44:40] Preparando envío a: dea@cftestatalaricayparinacota.cl
[2025-11-19 22:44:40] ✓ ENVIADO exitosamente a: dea@cftestatalaricayparinacota.cl
[2025-11-19 22:44:40] Esperando 3 segundos...
[2025-11-19 22:44:43] --- Procesando registro ID: 148 ---
[2025-11-19 22:44:43] Preparando envío a: Nicolelissette07@gmail.com
[2025-11-19 22:44:43] ✓ ENVIADO exitosamente a: Nicolelissette07@gmail.com
[2025-11-19 22:44:43] Esperando 3 segundos...
[2025-11-19 22:44:46] --- Procesando registro ID: 149 ---
[2025-11-19 22:44:46] Preparando envío a: alvaro.vc1001@gmail.com
[2025-11-19 22:44:46] ✓ ENVIADO exitosamente a: alvaro.vc1001@gmail.com
[2025-11-19 22:44:46] Esperando 3 segundos...
[2025-11-19 22:44:49] --- Procesando registro ID: 150 ---
[2025-11-19 22:44:49] Preparando envío a: pedromarcacano@hotmail.com
[2025-11-19 22:44:49] ✓ ENVIADO exitosamente a: pedromarcacano@hotmail.com
[2025-11-19 22:44:49] Esperando 3 segundos...
[2025-11-19 22:44:52] --- Procesando registro ID: 151 ---
[2025-11-19 22:44:52] Preparando envío a: jefferson.santos.hu@gmail.com
[2025-11-19 22:44:52] ✓ ENVIADO exitosamente a: jefferson.santos.hu@gmail.com
[2025-11-19 22:44:52] Esperando 3 segundos...
[2025-11-19 22:44:55] --- Procesando registro ID: 152 ---
[2025-11-19 22:44:55] Preparando envío a: sebastian.urrutia@corfo.cl
[2025-11-19 22:44:55] ✓ ENVIADO exitosamente a: sebastian.urrutia@corfo.cl
[2025-11-19 22:44:55] Esperando 3 segundos...
[2025-11-19 22:44:58] --- Procesando registro ID: 153 ---
[2025-11-19 22:44:58] Preparando envío a: mcortez@gomezasociados.cl
[2025-11-19 22:44:58] ✓ ENVIADO exitosamente a: mcortez@gomezasociados.cl
[2025-11-19 22:44:58] Esperando 3 segundos...
[2025-11-19 22:45:01] --- Procesando registro ID: 155 ---
[2025-11-19 22:45:01] Preparando envío a: defensaunidaspa@gmail.com
[2025-11-19 22:45:01] ✓ ENVIADO exitosamente a: defensaunidaspa@gmail.com
[2025-11-19 22:45:01] Esperando 3 segundos...
[2025-11-19 22:45:04] --- Procesando registro ID: 156 ---
[2025-11-19 22:45:04] Preparando envío a: l.anacona@storage-solutions.cl
[2025-11-19 22:45:05] ✓ ENVIADO exitosamente a: l.anacona@storage-solutions.cl
[2025-11-19 22:45:05] Esperando 3 segundos...
[2025-11-19 22:45:05] --- Procesando registro ID: 157 ---
[2025-11-19 22:45:05] Preparando envío a: cagh528@gmail.com
[2025-11-19 22:45:05] ✓ ENVIADO exitosamente a: cagh528@gmail.com
[2025-11-19 22:45:05] Esperando 3 segundos...
[2025-11-19 22:45:08] --- Procesando registro ID: 158 ---
[2025-11-19 22:45:08] Preparando envío a: esoto@iantaylor.com
[2025-11-19 22:45:08] ✓ ENVIADO exitosamente a: esoto@iantaylor.com
[2025-11-19 22:45:08] Esperando 3 segundos...
[2025-11-19 22:45:11] === FIN DE LOTE - Pausa de 45 segundos ===
[2025-11-19 22:45:54] === REANUDANDO ENVÍOS ===
[2025-11-19 22:45:54] --- Procesando registro ID: 159 ---
[2025-11-19 22:45:54] Preparando envío a: mauricio@agendalogistica.cl
[2025-11-19 22:45:54] ✓ ENVIADO exitosamente a: mauricio@agendalogistica.cl
[2025-11-19 22:45:54] Esperando 3 segundos...
[2025-11-19 22:45:57] --- Procesando registro ID: 160 ---
[2025-11-19 22:45:57] Preparando envío a: cbastiasizquierdo@gmail.com
[2025-11-19 22:45:57] ✓ ENVIADO exitosamente a: cbastiasizquierdo@gmail.com
[2025-11-19 22:45:57] Esperando 3 segundos...
[2025-11-19 22:46:00] --- Procesando registro ID: 161 ---
[2025-11-19 22:46:00] Preparando envío a: mariela.vf@hotmail.com
[2025-11-19 22:46:00] ✓ ENVIADO exitosamente a: mariela.vf@hotmail.com
[2025-11-19 22:46:00] Esperando 3 segundos...
[2025-11-19 22:46:03] --- Procesando registro ID: 162 ---
[2025-11-19 22:46:03] Preparando envío a: yvargasf@desarrollosocial.cl
[2025-11-19 22:46:03] ✓ ENVIADO exitosamente a: yvargasf@desarrollosocial.cl
[2025-11-19 22:46:03] Esperando 3 segundos...
[2025-11-19 22:46:06] --- Procesando registro ID: 163 ---
[2025-11-19 22:46:06] Preparando envío a: asotupactacna@gmail.com
[2025-11-19 22:46:06] ✓ ENVIADO exitosamente a: asotupactacna@gmail.com
[2025-11-19 22:46:06] Esperando 3 segundos...
[2025-11-19 22:46:07] --- Procesando registro ID: 164 ---
[2025-11-19 22:46:07] Preparando envío a: norbenes@gmail.com
[2025-11-19 22:46:07] ✓ ENVIADO exitosamente a: norbenes@gmail.com
[2025-11-19 22:46:07] Esperando 3 segundos...
[2025-11-19 22:46:10] --- Procesando registro ID: 165 ---
[2025-11-19 22:46:10] Preparando envío a: nataliazeballos1997@gmail.com
[2025-11-19 22:46:10] ✓ ENVIADO exitosamente a: nataliazeballos1997@gmail.com
[2025-11-19 22:46:10] Esperando 3 segundos...
[2025-11-19 22:46:13] --- Procesando registro ID: 166 ---
[2025-11-19 22:46:13] Preparando envío a: choquemagneadriana97@gmail.com
[2025-11-19 22:46:13] ✓ ENVIADO exitosamente a: choquemagneadriana97@gmail.com
[2025-11-19 22:46:13] Esperando 3 segundos...
[2025-11-19 22:46:16] --- Procesando registro ID: 167 ---
[2025-11-19 22:46:16] Preparando envío a: ehidalgo2022@gmail.com
[2025-11-19 22:46:16] ✓ ENVIADO exitosamente a: ehidalgo2022@gmail.com
[2025-11-19 22:46:16] Esperando 3 segundos...
[2025-11-19 22:46:19] --- Procesando registro ID: 168 ---
[2025-11-19 22:46:19] Preparando envío a: victor.escobillana@msc.com
[2025-11-19 22:46:19] ✓ ENVIADO exitosamente a: victor.escobillana@msc.com
[2025-11-19 22:46:19] Esperando 3 segundos...
[2025-11-19 22:46:22] --- Procesando registro ID: 169 ---
[2025-11-19 22:46:22] Preparando envío a: gujago@gmail.com
[2025-11-19 22:46:22] ✓ ENVIADO exitosamente a: gujago@gmail.com
[2025-11-19 22:46:22] Esperando 3 segundos...
[2025-11-19 22:46:25] --- Procesando registro ID: 170 ---
[2025-11-19 22:46:25] Preparando envío a: lpaoletti@puertoarica.cl
[2025-11-19 22:46:25] ✓ ENVIADO exitosamente a: lpaoletti@puertoarica.cl
[2025-11-19 22:46:25] Esperando 3 segundos...
[2025-11-19 22:46:28] --- Procesando registro ID: 171 ---
[2025-11-19 22:46:28] Preparando envío a: paolo.bruna@pisis.cl
[2025-11-19 22:46:28] ✓ ENVIADO exitosamente a: paolo.bruna@pisis.cl
[2025-11-19 22:46:28] Esperando 3 segundos...
[2025-11-19 22:46:31] --- Procesando registro ID: 173 ---
[2025-11-19 22:46:31] Preparando envío a: nbadilla@tpa.cl
[2025-11-19 22:46:31] ✓ ENVIADO exitosamente a: nbadilla@tpa.cl
[2025-11-19 22:46:31] Esperando 3 segundos...
[2025-11-19 22:46:34] --- Procesando registro ID: 174 ---
[2025-11-19 22:46:34] Preparando envío a: emilio_varas@inacap.cl
[2025-11-19 22:46:34] ✓ ENVIADO exitosamente a: emilio_varas@inacap.cl
[2025-11-19 22:46:34] Esperando 3 segundos...
[2025-11-19 22:46:35] === FIN DE LOTE - Pausa de 45 segundos ===
[2025-11-19 22:47:17] === REANUDANDO ENVÍOS ===
[2025-11-19 22:47:17] --- Procesando registro ID: 175 ---
[2025-11-19 22:47:17] Preparando envío a: javier.donoso@goldenomega.cl
[2025-11-19 22:47:18] ✓ ENVIADO exitosamente a: javier.donoso@goldenomega.cl
[2025-11-19 22:47:18] Esperando 3 segundos...
[2025-11-19 22:47:21] --- Procesando registro ID: 176 ---
[2025-11-19 22:47:21] Preparando envío a: conniee.marchant@gmail.com
[2025-11-19 22:47:21] ✓ ENVIADO exitosamente a: conniee.marchant@gmail.com
[2025-11-19 22:47:21] Esperando 3 segundos...
[2025-11-19 22:47:24] --- Procesando registro ID: 177 ---
[2025-11-19 22:47:24] Preparando envío a: dvaldivia@inacap.cl
[2025-11-19 22:47:24] ✓ ENVIADO exitosamente a: dvaldivia@inacap.cl
[2025-11-19 22:47:24] Esperando 3 segundos...
[2025-11-19 22:47:27] --- Procesando registro ID: 178 ---
[2025-11-19 22:47:27] Preparando envío a: cmoscoso@inacap.cl
[2025-11-19 22:47:27] ✓ ENVIADO exitosamente a: cmoscoso@inacap.cl
[2025-11-19 22:47:27] Esperando 3 segundos...
[2025-11-19 22:47:30] --- Procesando registro ID: 179 ---
[2025-11-19 22:47:30] Preparando envío a: cristiantoledof@gmail.com
[2025-11-19 22:47:30] ✓ ENVIADO exitosamente a: cristiantoledof@gmail.com
[2025-11-19 22:47:30] Esperando 3 segundos...
[2025-11-19 22:47:33] --- Procesando registro ID: 180 ---
[2025-11-19 22:47:33] Preparando envío a: ctorres@tpa.cl
[2025-11-19 22:47:33] ✓ ENVIADO exitosamente a: ctorres@tpa.cl
[2025-11-19 22:47:33] Esperando 3 segundos...
[2025-11-19 22:47:36] --- Procesando registro ID: 181 ---
[2025-11-19 22:47:36] Preparando envío a: luis.lagos190@gmail.com
[2025-11-19 22:47:36] ✓ ENVIADO exitosamente a: luis.lagos190@gmail.com
[2025-11-19 22:47:36] Esperando 3 segundos...
[2025-11-19 22:47:36] --- Procesando registro ID: 182 ---
[2025-11-19 22:47:36] Preparando envío a: cvaldivia@inacap.cl
[2025-11-19 22:47:37] ✓ ENVIADO exitosamente a: cvaldivia@inacap.cl
[2025-11-19 22:47:37] Esperando 3 segundos...
[2025-11-19 22:47:40] --- Procesando registro ID: 183 ---
[2025-11-19 22:47:40] Preparando envío a: jcontrerash@investigaciones.cl
[2025-11-19 22:47:40] ✓ ENVIADO exitosamente a: jcontrerash@investigaciones.cl
[2025-11-19 22:47:40] Esperando 3 segundos...
[2025-11-19 22:47:43] --- Procesando registro ID: 184 ---
[2025-11-19 22:47:43] Preparando envío a: Lfuentes@puertocolumbo.com
[2025-11-19 22:47:43] ✓ ENVIADO exitosamente a: Lfuentes@puertocolumbo.com
[2025-11-19 22:47:43] Esperando 3 segundos...
[2025-11-19 22:47:46] --- Procesando registro ID: 185 ---
[2025-11-19 22:47:46] Preparando envío a: eurrutia@inacap.cl
[2025-11-19 22:47:46] ✓ ENVIADO exitosamente a: eurrutia@inacap.cl
[2025-11-19 22:47:46] Esperando 3 segundos...
[2025-11-19 22:47:49] --- Procesando registro ID: 186 ---
[2025-11-19 22:47:49] Preparando envío a: czunigareyes@gmail.com
[2025-11-19 22:47:49] ✓ ENVIADO exitosamente a: czunigareyes@gmail.com
[2025-11-19 22:47:49] Esperando 3 segundos...
[2025-11-19 22:47:52] --- Procesando registro ID: 187 ---
[2025-11-19 22:47:52] Preparando envío a: Luis.quiroz@accessworld.com
[2025-11-19 22:47:52] ✓ ENVIADO exitosamente a: Luis.quiroz@accessworld.com
[2025-11-19 22:47:52] Esperando 3 segundos...
[2025-11-19 22:47:55] --- Procesando registro ID: 188 ---
[2025-11-19 22:47:55] Preparando envío a: iarosa@investigaciones.cl
[2025-11-19 22:47:55] ✓ ENVIADO exitosamente a: iarosa@investigaciones.cl
[2025-11-19 22:47:55] Esperando 3 segundos...
[2025-11-19 22:47:58] --- Procesando registro ID: 189 ---
[2025-11-19 22:47:58] Preparando envío a: kkuskinen@inacap.cl
[2025-11-19 22:47:58] ✓ ENVIADO exitosamente a: kkuskinen@inacap.cl
[2025-11-19 22:47:58] Esperando 3 segundos...
[2025-11-19 22:48:01] === FIN DE LOTE - Pausa de 45 segundos ===
[2025-11-19 22:48:41] === REANUDANDO ENVÍOS ===
[2025-11-19 22:48:41] --- Procesando registro ID: 190 ---
[2025-11-19 22:48:41] Preparando envío a: ajimenez@tpa.cl
[2025-11-19 22:48:41] ✗ ERROR enviando a: ajimenez@tpa.cl - SMTP Error: Could not connect to SMTP host. Failed to connect to server SMTP server error: Failed to connect to server SMTP code: 111 Additional SMTP info: Connection refused
[2025-11-19 22:48:41] Esperando 3 segundos...
[2025-11-19 22:48:44] --- Procesando registro ID: 191 ---
[2025-11-19 22:48:44] Preparando envío a: mariocng@gmail.com
[2025-11-19 22:48:44] ✗ ERROR enviando a: mariocng@gmail.com - SMTP Error: Could not connect to SMTP host. Failed to connect to server SMTP server error: Failed to connect to server SMTP code: 111 Additional SMTP info: Connection refused
[2025-11-19 22:48:44] Esperando 3 segundos...
[2025-11-19 22:48:47] --- Procesando registro ID: 192 ---
[2025-11-19 22:48:47] Preparando envío a: vinculacion@cftestatalaricayparinacota.cl
[2025-11-19 22:48:47] ✗ ERROR enviando a: vinculacion@cftestatalaricayparinacota.cl - SMTP Error: Could not connect to SMTP host. Failed to connect to server SMTP server error: Failed to connect to server SMTP code: 111 Additional SMTP info: Connection refused
[2025-11-19 22:48:47] Esperando 3 segundos...
[2025-11-19 22:48:50] --- Procesando registro ID: 193 ---
[2025-11-19 22:48:50] Preparando envío a: smunoz@tpa.cl
[2025-11-19 22:48:50] ✗ ERROR enviando a: smunoz@tpa.cl - SMTP Error: Could not connect to SMTP host. Failed to connect to server SMTP server error: Failed to connect to server SMTP code: 111 Additional SMTP info: Connection refused
[2025-11-19 22:48:50] Esperando 3 segundos...
[2025-11-19 22:48:53] --- Procesando registro ID: 194 ---
[2025-11-19 22:48:53] Preparando envío a: fbarriat@inacap.cl
[2025-11-19 22:48:53] ✗ ERROR enviando a: fbarriat@inacap.cl - SMTP Error: Could not connect to SMTP host. Failed to connect to server SMTP server error: Failed to connect to server SMTP code: 111 Additional SMTP info: Connection refused
[2025-11-19 22:48:53] Esperando 3 segundos...
[2025-11-19 22:48:56] --- Procesando registro ID: 196 ---
[2025-11-19 22:48:56] Preparando envío a: fabianalejandrocalle@gmail.com
[2025-11-19 22:48:56] ✗ ERROR enviando a: fabianalejandrocalle@gmail.com - SMTP Error: Could not connect to SMTP host. Failed to connect to server SMTP server error: Failed to connect to server SMTP code: 111 Additional SMTP info: Connection refused
[2025-11-19 22:48:56] Esperando 3 segundos...
[2025-11-19 22:48:59] --- Procesando registro ID: 197 ---
[2025-11-19 22:48:59] Preparando envío a: mirtha.arancibia@goreayp.cl
[2025-11-19 22:48:59] ✗ ERROR enviando a: mirtha.arancibia@goreayp.cl - SMTP Error: Could not connect to SMTP host. Failed to connect to server SMTP server error: Failed to connect to server SMTP code: 111 Additional SMTP info: Connection refused
[2025-11-19 22:48:59] Esperando 3 segundos...
[2025-11-19 22:49:02] --- Procesando registro ID: 198 ---
[2025-11-19 22:49:02] Preparando envío a: paniaguatatiana11@gmail.com
[2025-11-19 22:49:02] ✗ ERROR enviando a: paniaguatatiana11@gmail.com - SMTP Error: Could not connect to SMTP host. Failed to connect to server SMTP server error: Failed to connect to server SMTP code: 111 Additional SMTP info: Connection refused
[2025-11-19 22:49:02] Esperando 3 segundos...
[2025-11-19 22:49:05] --- Procesando registro ID: 199 ---
[2025-11-19 22:49:05] Preparando envío a: cristianahumadalegal@hotmail.com
[2025-11-19 22:49:05] ✗ ERROR enviando a: cristianahumadalegal@hotmail.com - SMTP Error: Could not connect to SMTP host. Failed to connect to server SMTP server error: Failed to connect to server SMTP code: 111 Additional SMTP info: Connection refused
[2025-11-19 22:49:05] Esperando 3 segundos...
[2025-11-19 22:49:06] --- Procesando registro ID: 200 ---
[2025-11-19 22:49:06] Preparando envío a: bolivelarde@gmail.com
[2025-11-19 22:49:06] ✗ ERROR enviando a: bolivelarde@gmail.com - SMTP Error: Could not connect to SMTP host. Failed to connect to server SMTP server error: Failed to connect to server SMTP code: 111 Additional SMTP info: Connection refused
[2025-11-19 22:49:06] Esperando 3 segundos...
[2025-11-19 22:49:09] --- Procesando registro ID: 201 ---
[2025-11-19 22:49:09] Preparando envío a: produccionescaity@gmail.com
[2025-11-19 22:49:09] ✗ ERROR enviando a: produccionescaity@gmail.com - SMTP Error: Could not connect to SMTP host. Failed to connect to server SMTP server error: Failed to connect to server SMTP code: 111 Additional SMTP info: Connection refused
[2025-11-19 22:49:09] Esperando 3 segundos...
[2025-11-19 22:49:12] --- Procesando registro ID: 202 ---
[2025-11-19 22:49:12] Preparando envío a: isisjhunnay@gmail.com
[2025-11-19 22:49:12] ✗ ERROR enviando a: isisjhunnay@gmail.com - SMTP Error: Could not connect to SMTP host. Failed to connect to server SMTP server error: Failed to connect to server SMTP code: 111 Additional SMTP info: Connection refused
[2025-11-19 22:49:12] Esperando 3 segundos...
[2025-11-19 22:49:15] --- Procesando registro ID: 203 ---
[2025-11-19 22:49:15] Preparando envío a: micaveal1098@gmail.com
[2025-11-19 22:49:15] ✓ ENVIADO exitosamente a: micaveal1098@gmail.com
[2025-11-19 22:49:15] Esperando 3 segundos...
[2025-11-19 22:49:18] --- Procesando registro ID: 204 ---
[2025-11-19 22:49:18] Preparando envío a: micaveal1098@gmail.com
[2025-11-19 22:49:18] ✓ ENVIADO exitosamente a: micaveal1098@gmail.com
[2025-11-19 22:49:18] Esperando 3 segundos...
[2025-11-19 22:49:21] --- Procesando registro ID: 205 ---
[2025-11-19 22:49:21] Preparando envío a: olivia.galvez@gmail.com
[2025-11-19 22:49:21] ✓ ENVIADO exitosamente a: olivia.galvez@gmail.com
[2025-11-19 22:49:21] Esperando 3 segundos...
[2025-11-19 22:49:24] === FIN DE LOTE - Pausa de 45 segundos ===
[2025-11-19 22:50:06] === REANUDANDO ENVÍOS ===
[2025-11-19 22:50:06] --- Procesando registro ID: 206 ---
[2025-11-19 22:50:06] Preparando envío a: belen.rojas@corfo.cl
[2025-11-19 22:50:07] ✓ ENVIADO exitosamente a: belen.rojas@corfo.cl
[2025-11-19 22:50:07] Esperando 3 segundos...
[2025-11-19 22:50:07] --- Procesando registro ID: 207 ---
[2025-11-19 22:50:07] Preparando envío a: fgutierrez@corfo.cl
[2025-11-19 22:50:07] ✓ ENVIADO exitosamente a: fgutierrez@corfo.cl
[2025-11-19 22:50:07] Esperando 3 segundos...
[2025-11-19 22:50:10] --- Procesando registro ID: 208 ---
[2025-11-19 22:50:10] Preparando envío a: cynthia.aramayo12@gmail.com
[2025-11-19 22:50:10] ✓ ENVIADO exitosamente a: cynthia.aramayo12@gmail.com
[2025-11-19 22:50:10] Esperando 3 segundos...
[2025-11-19 22:50:13] --- Procesando registro ID: 209 ---
[2025-11-19 22:50:13] Preparando envío a: marcela.munoz@corfo.cl
[2025-11-19 22:50:13] ✓ ENVIADO exitosamente a: marcela.munoz@corfo.cl
[2025-11-19 22:50:13] Esperando 3 segundos...
[2025-11-19 22:50:16] --- Procesando registro ID: 210 ---
[2025-11-19 22:50:16] Preparando envío a: gustavo.rivera@zofri.cl
[2025-11-19 22:50:16] ✓ ENVIADO exitosamente a: gustavo.rivera@zofri.cl
[2025-11-19 22:50:16] Esperando 3 segundos...
[2025-11-19 22:50:19] --- Procesando registro ID: 211 ---
[2025-11-19 22:50:19] Preparando envío a: maribel.vidal@zofri.cl
[2025-11-19 22:50:19] ✓ ENVIADO exitosamente a: maribel.vidal@zofri.cl
[2025-11-19 22:50:19] Esperando 3 segundos...
[2025-11-19 22:50:22] --- Procesando registro ID: 212 ---
[2025-11-19 22:50:22] Preparando envío a: pithurbisquy@gmail.com
[2025-11-19 22:50:22] ✓ ENVIADO exitosamente a: pithurbisquy@gmail.com
[2025-11-19 22:50:22] Esperando 3 segundos...
[2025-11-19 22:50:25] --- Procesando registro ID: 213 ---
[2025-11-19 22:50:25] Preparando envío a: dayanna.gonzalez@zofri.cl
[2025-11-19 22:50:26] ✓ ENVIADO exitosamente a: dayanna.gonzalez@zofri.cl
[2025-11-19 22:50:26] Esperando 3 segundos...
[2025-11-19 22:50:29] --- Procesando registro ID: 215 ---
[2025-11-19 22:50:29] Preparando envío a: mtejada@zofratacna.com.pe
[2025-11-19 22:50:29] ✓ ENVIADO exitosamente a: mtejada@zofratacna.com.pe
[2025-11-19 22:50:29] Esperando 3 segundos...
[2025-11-19 22:50:32] --- Procesando registro ID: 216 ---
[2025-11-19 22:50:32] Preparando envío a: is_marcela_valdivia@yahoo.es
[2025-11-19 22:50:32] ✓ ENVIADO exitosamente a: is_marcela_valdivia@yahoo.es
[2025-11-19 22:50:32] Esperando 3 segundos...
[2025-11-19 22:50:35] --- Procesando registro ID: 217 ---
[2025-11-19 22:50:35] Preparando envío a: malejandramaqp614@gmail.com
[2025-11-19 22:50:35] ✓ ENVIADO exitosamente a: malejandramaqp614@gmail.com
[2025-11-19 22:50:35] Esperando 3 segundos...
[2025-11-19 22:50:35] --- Procesando registro ID: 218 ---
[2025-11-19 22:50:35] Preparando envío a: ibarrera@cchc.cl
[2025-11-19 22:50:35] ✓ ENVIADO exitosamente a: ibarrera@cchc.cl
[2025-11-19 22:50:35] Esperando 3 segundos...
[2025-11-19 22:50:38] --- Procesando registro ID: 219 ---
[2025-11-19 22:50:38] Preparando envío a: ricardopenajones70@gmail.com
[2025-11-19 22:50:38] ✓ ENVIADO exitosamente a: ricardopenajones70@gmail.com
[2025-11-19 22:50:38] Esperando 3 segundos...
[2025-11-19 22:50:41] --- Procesando registro ID: 220 ---
[2025-11-19 22:50:41] Preparando envío a: cristian.gonzalez@goreayp.cl
[2025-11-19 22:50:42] ✓ ENVIADO exitosamente a: cristian.gonzalez@goreayp.cl
[2025-11-19 22:50:42] Esperando 3 segundos...
[2025-11-19 22:50:45] --- Procesando registro ID: 221 ---
[2025-11-19 22:50:45] Preparando envío a: estudios.arica@cchc.cl
[2025-11-19 22:50:45] ✓ ENVIADO exitosamente a: estudios.arica@cchc.cl
[2025-11-19 22:50:45] Esperando 3 segundos...
[2025-11-19 22:50:48] === FIN DE LOTE - Pausa de 45 segundos ===
[2025-11-19 22:51:30] === REANUDANDO ENVÍOS ===
[2025-11-19 22:51:30] --- Procesando registro ID: 222 ---
[2025-11-19 22:51:30] Preparando envío a: cristianahumadalegal@hotmail.com
[2025-11-19 22:51:30] ✓ ENVIADO exitosamente a: cristianahumadalegal@hotmail.com
[2025-11-19 22:51:30] Esperando 3 segundos...
[2025-11-19 22:51:33] --- Procesando registro ID: 223 ---
[2025-11-19 22:51:33] Preparando envío a: natalia.astorga@inacapmail.cl
[2025-11-19 22:51:33] ✓ ENVIADO exitosamente a: natalia.astorga@inacapmail.cl
[2025-11-19 22:51:33] Esperando 3 segundos...
[2025-11-19 22:51:36] --- Procesando registro ID: 224 ---
[2025-11-19 22:51:36] Preparando envío a: rodrigo.villegas18@inacapmail.cl
[2025-11-19 22:51:36] ✓ ENVIADO exitosamente a: rodrigo.villegas18@inacapmail.cl
[2025-11-19 22:51:36] Esperando 3 segundos...
[2025-11-19 22:51:37] --- Procesando registro ID: 225 ---
[2025-11-19 22:51:37] Preparando envío a: tamaraalejandrarodriguezgallar@gmail.com
[2025-11-19 22:51:37] ✓ ENVIADO exitosamente a: tamaraalejandrarodriguezgallar@gmail.com
[2025-11-19 22:51:37] Esperando 3 segundos...
[2025-11-19 22:51:40] --- Procesando registro ID: 226 ---
[2025-11-19 22:51:40] Preparando envío a: vicentepenaloza@gmail.com
[2025-11-19 22:51:40] ✓ ENVIADO exitosamente a: vicentepenaloza@gmail.com
[2025-11-19 22:51:40] Esperando 3 segundos...
[2025-11-19 22:51:43] --- Procesando registro ID: 227 ---
[2025-11-19 22:51:43] Preparando envío a: yessica.mardones@gmail.com
[2025-11-19 22:51:43] ✓ ENVIADO exitosamente a: yessica.mardones@gmail.com
[2025-11-19 22:51:43] Esperando 3 segundos...
[2025-11-19 22:51:46] --- Procesando registro ID: 228 ---
[2025-11-19 22:51:46] Preparando envío a: comunicaciones.arica@cchc.cl
[2025-11-19 22:51:46] ✓ ENVIADO exitosamente a: comunicaciones.arica@cchc.cl
[2025-11-19 22:51:46] Esperando 3 segundos...
[2025-11-19 22:51:49] --- Procesando registro ID: 229 ---
[2025-11-19 22:51:49] Preparando envío a: rosalescolquedanafatima14@gmail.com
[2025-11-19 22:51:49] ✓ ENVIADO exitosamente a: rosalescolquedanafatima14@gmail.com
[2025-11-19 22:51:49] Esperando 3 segundos...
[2025-11-19 22:51:52] --- Procesando registro ID: 230 ---
[2025-11-19 22:51:52] Preparando envío a: msmunoz@inacap.cl
[2025-11-19 22:51:52] ✓ ENVIADO exitosamente a: msmunoz@inacap.cl
[2025-11-19 22:51:52] Esperando 3 segundos...
[2025-11-19 22:51:55] --- Procesando registro ID: 231 ---
[2025-11-19 22:51:55] Preparando envío a: scabezas@caduanera.cl
[2025-11-19 22:51:55] ✓ ENVIADO exitosamente a: scabezas@caduanera.cl
[2025-11-19 22:51:55] Esperando 3 segundos...
[2025-11-19 22:51:58] --- Procesando registro ID: 232 ---
[2025-11-19 22:51:58] Preparando envío a: dicorrea1@uc.cl
[2025-11-19 22:51:58] ✓ ENVIADO exitosamente a: dicorrea1@uc.cl
[2025-11-19 22:51:58] Esperando 3 segundos...
[2025-11-19 22:52:01] --- Procesando registro ID: 233 ---
[2025-11-19 22:52:01] Preparando envío a: andrea09.carmenjv@gmail.com
[2025-11-19 22:52:01] ✓ ENVIADO exitosamente a: andrea09.carmenjv@gmail.com
[2025-11-19 22:52:01] Esperando 3 segundos...
[2025-11-19 22:52:04] --- Procesando registro ID: 234 ---
[2025-11-19 22:52:04] Preparando envío a: ERNESTO.LEE@MINAGRI.GOB.CL
[2025-11-19 22:52:05] ✓ ENVIADO exitosamente a: ERNESTO.LEE@MINAGRI.GOB.CL
[2025-11-19 22:52:05] Esperando 3 segundos...
[2025-11-19 22:52:05] --- Procesando registro ID: 235 ---
[2025-11-19 22:52:05] Preparando envío a: jaime.escobar@cblanco.cl
[2025-11-19 22:52:05] ✓ ENVIADO exitosamente a: jaime.escobar@cblanco.cl
[2025-11-19 22:52:05] Esperando 3 segundos...
[2025-11-19 22:52:08] --- Procesando registro ID: 236 ---
[2025-11-19 22:52:08] Preparando envío a: dsinger@caf.com
[2025-11-19 22:52:08] ✓ ENVIADO exitosamente a: dsinger@caf.com
[2025-11-19 22:52:08] Esperando 3 segundos...
[2025-11-19 22:52:11] === FIN DE LOTE - Pausa de 45 segundos ===
[2025-11-19 22:52:54] === REANUDANDO ENVÍOS ===
[2025-11-19 22:52:54] --- Procesando registro ID: 238 ---
[2025-11-19 22:52:54] Preparando envío a: rpdroguett@icloud.com
[2025-11-19 22:52:54] ✓ ENVIADO exitosamente a: rpdroguett@icloud.com
[2025-11-19 22:52:54] Esperando 3 segundos...
[2025-11-19 22:52:57] --- Procesando registro ID: 239 ---
[2025-11-19 22:52:57] Preparando envío a: vybuneder@sitrans.cl
[2025-11-19 22:52:57] ✓ ENVIADO exitosamente a: vybuneder@sitrans.cl
[2025-11-19 22:52:57] Esperando 3 segundos...
[2025-11-19 22:53:00] --- Procesando registro ID: 240 ---
[2025-11-19 22:53:00] Preparando envío a: quipallan.linda@gmail.com
[2025-11-19 22:53:00] ✓ ENVIADO exitosamente a: quipallan.linda@gmail.com
[2025-11-19 22:53:00] Esperando 3 segundos...
[2025-11-19 22:53:03] --- Procesando registro ID: 241 ---
[2025-11-19 22:53:03] Preparando envío a: juanito2025maciask75@gmail.com
[2025-11-19 22:53:03] ✓ ENVIADO exitosamente a: juanito2025maciask75@gmail.com
[2025-11-19 22:53:03] Esperando 3 segundos...
[2025-11-19 22:53:06] --- Procesando registro ID: 242 ---
[2025-11-19 22:53:06] Preparando envío a: camataignacionayeli12@gmail.com
[2025-11-19 22:53:06] ✓ ENVIADO exitosamente a: camataignacionayeli12@gmail.com
[2025-11-19 22:53:06] Esperando 3 segundos...
[2025-11-19 22:53:07] --- Procesando registro ID: 243 ---
[2025-11-19 22:53:07] Preparando envío a: aguzman@ctower.cl
[2025-11-19 22:53:07] ✓ ENVIADO exitosamente a: aguzman@ctower.cl
[2025-11-19 22:53:07] Esperando 3 segundos...
[2025-11-19 22:53:10] --- Procesando registro ID: 244 ---
[2025-11-19 22:53:10] Preparando envío a: cfranco@francogroup.cl
[2025-11-19 22:53:10] ✓ ENVIADO exitosamente a: cfranco@francogroup.cl
[2025-11-19 22:53:10] Esperando 3 segundos...
[2025-11-19 22:53:13] --- Procesando registro ID: 245 ---
[2025-11-19 22:53:13] Preparando envío a: dcorrea@puertoarica.cl
[2025-11-19 22:53:13] ✓ ENVIADO exitosamente a: dcorrea@puertoarica.cl
[2025-11-19 22:53:13] Esperando 3 segundos...
[2025-11-19 22:53:16] --- Procesando registro ID: 246 ---
[2025-11-19 22:53:16] Preparando envío a: jreyes@relual-abogados.com
[2025-11-19 22:53:16] ✓ ENVIADO exitosamente a: jreyes@relual-abogados.com
[2025-11-19 22:53:16] Esperando 3 segundos...
[2025-11-19 22:53:19] --- Procesando registro ID: 247 ---
[2025-11-19 22:53:19] Preparando envío a: yossi.zeballos@gmail.com
[2025-11-19 22:53:19] ✓ ENVIADO exitosamente a: yossi.zeballos@gmail.com
[2025-11-19 22:53:19] Esperando 3 segundos...
[2025-11-19 22:53:22] --- Procesando registro ID: 248 ---
[2025-11-19 22:53:22] Preparando envío a: gsl2006@gmail.com
[2025-11-19 22:53:22] ✓ ENVIADO exitosamente a: gsl2006@gmail.com
[2025-11-19 22:53:22] Esperando 3 segundos...
[2025-11-19 22:53:25] --- Procesando registro ID: 249 ---
[2025-11-19 22:53:25] Preparando envío a: sofi.mg12@gmail.com
[2025-11-19 22:53:25] ✓ ENVIADO exitosamente a: sofi.mg12@gmail.com
[2025-11-19 22:53:25] Esperando 3 segundos...
[2025-11-19 22:53:28] --- Procesando registro ID: 250 ---
[2025-11-19 22:53:28] Preparando envío a: natalybadillalvarez@gmail.com
[2025-11-19 22:53:28] ✓ ENVIADO exitosamente a: natalybadillalvarez@gmail.com
[2025-11-19 22:53:28] Esperando 3 segundos...
[2025-11-19 22:53:31] --- Procesando registro ID: 251 ---
[2025-11-19 22:53:31] Preparando envío a: carlos.chavez@medlog.com
[2025-11-19 22:53:31] ✓ ENVIADO exitosamente a: carlos.chavez@medlog.com
[2025-11-19 22:53:31] Esperando 3 segundos...
[2025-11-19 22:53:34] --- Procesando registro ID: 252 ---
[2025-11-19 22:53:34] Preparando envío a: rhernandezmu@gmail.com
[2025-11-19 22:53:34] ✓ ENVIADO exitosamente a: rhernandezmu@gmail.com
[2025-11-19 22:53:34] Esperando 3 segundos...
[2025-11-19 22:53:35] === FIN DE LOTE - Pausa de 45 segundos ===
[2025-11-19 22:54:17] === REANUDANDO ENVÍOS ===
[2025-11-19 22:54:17] --- Procesando registro ID: 253 ---
[2025-11-19 22:54:17] Preparando envío a: andres.henault@msc.com
[2025-11-19 22:54:18] ✓ ENVIADO exitosamente a: andres.henault@msc.com
[2025-11-19 22:54:18] Esperando 3 segundos...
[2025-11-19 22:54:21] --- Procesando registro ID: 254 ---
[2025-11-19 22:54:21] Preparando envío a: vangyur@gmail.com
[2025-11-19 22:54:21] ✓ ENVIADO exitosamente a: vangyur@gmail.com
[2025-11-19 22:54:21] Esperando 3 segundos...
[2025-11-19 22:54:24] --- Procesando registro ID: 255 ---
[2025-11-19 22:54:24] Preparando envío a: ERIQUELMEN@INVESTIGACIONES.CL
[2025-11-19 22:54:24] ✓ ENVIADO exitosamente a: ERIQUELMEN@INVESTIGACIONES.CL
[2025-11-19 22:54:24] Esperando 3 segundos...
[2025-11-19 22:54:27] --- Procesando registro ID: 256 ---
[2025-11-19 22:54:27] Preparando envío a: FALFAROP@INVESTIGACIONES.CL
[2025-11-19 22:54:27] ✓ ENVIADO exitosamente a: FALFAROP@INVESTIGACIONES.CL
[2025-11-19 22:54:27] Esperando 3 segundos...
[2025-11-19 22:54:30] --- Procesando registro ID: 257 ---
[2025-11-19 22:54:30] Preparando envío a: ECORTEZ@MINSEGPUBLICA.GOB.CL
[2025-11-19 22:54:30] ✓ ENVIADO exitosamente a: ECORTEZ@MINSEGPUBLICA.GOB.CL
[2025-11-19 22:54:30] Esperando 3 segundos...
[2025-11-19 22:54:33] --- Procesando registro ID: 258 ---
[2025-11-19 22:54:33] Preparando envío a: juancarlos.tapia@lns.maersk.com
[2025-11-19 22:54:33] ✓ ENVIADO exitosamente a: juancarlos.tapia@lns.maersk.com
[2025-11-19 22:54:33] Esperando 3 segundos...
[2025-11-19 22:54:36] --- Procesando registro ID: 259 ---
[2025-11-19 22:54:36] Preparando envío a: giocobracamonte2@gmail.com
[2025-11-19 22:54:36] ✓ ENVIADO exitosamente a: giocobracamonte2@gmail.com
[2025-11-19 22:54:36] Esperando 3 segundos...
[2025-11-19 22:54:37] --- Procesando registro ID: 260 ---
[2025-11-19 22:54:37] Preparando envío a: cynthia.celis@agunsa.cl
[2025-11-19 22:54:37] ✓ ENVIADO exitosamente a: cynthia.celis@agunsa.cl
[2025-11-19 22:54:37] Esperando 3 segundos...
[2025-11-19 22:54:40] --- Procesando registro ID: 261 ---
[2025-11-19 22:54:40] Preparando envío a: cynthia.celis@agunsa.com
[2025-11-19 22:54:40] ✓ ENVIADO exitosamente a: cynthia.celis@agunsa.com
[2025-11-19 22:54:40] Esperando 3 segundos...
[2025-11-19 22:54:43] === PROCESO COMPLETADO ===
[2025-11-19 22:54:43] Total enviados: 147
[2025-11-19 22:54:43] Total errores: 12
[2025-11-19 22:54:43] === FIN DEL SCRIPT ===
[2025-11-20 08:19:06] Ejecutando consulta SQL
[2025-11-20 08:19:06] === INICIO DEL PROCESO ===
[2025-11-20 08:19:06] Total de correos a enviar: 162
[2025-11-20 08:19:06] Registros encontrados: 162
[2025-11-20 08:19:06] --- Procesando registro ID: 95 ---
[2025-11-20 08:19:06] Preparando envío a: jlaurachoque@gmail.com
[2025-11-20 08:19:06] ✓ ENVIADO exitosamente a: jlaurachoque@gmail.com
[2025-11-20 08:19:06] Esperando 3 segundos...
[2025-11-20 08:19:15] --- Procesando registro ID: 96 ---
[2025-11-20 08:19:15] Preparando envío a: fsiles2701@gmail.com
[2025-11-20 08:19:15] ✓ ENVIADO exitosamente a: fsiles2701@gmail.com
[2025-11-20 08:19:15] Esperando 3 segundos...
[2025-11-20 08:19:12] --- Procesando registro ID: 97 ---
[2025-11-20 08:19:12] Preparando envío a: d23c11r01@gmail.com
[2025-11-20 08:19:12] ✓ ENVIADO exitosamente a: d23c11r01@gmail.com
[2025-11-20 08:19:12] Esperando 3 segundos...
[2025-11-20 08:19:15] --- Procesando registro ID: 98 ---
[2025-11-20 08:19:15] Preparando envío a: salazarroblesjose@gmail.com
[2025-11-20 08:19:15] ✓ ENVIADO exitosamente a: salazarroblesjose@gmail.com
[2025-11-20 08:19:15] Esperando 3 segundos...
[2025-11-20 08:19:18] --- Procesando registro ID: 99 ---
[2025-11-20 08:19:18] Preparando envío a: mvalenciah@inacap.cl
[2025-11-20 08:19:18] ✓ ENVIADO exitosamente a: mvalenciah@inacap.cl
[2025-11-20 08:19:18] Esperando 3 segundos...
[2025-11-20 08:19:20] --- Procesando registro ID: 100 ---
[2025-11-20 08:19:20] Preparando envío a: vivian.cornejo2021@gmail.com
[2025-11-20 08:19:20] ✓ ENVIADO exitosamente a: vivian.cornejo2021@gmail.com
[2025-11-20 08:19:20] Esperando 3 segundos...
[2025-11-20 08:19:23] --- Procesando registro ID: 101 ---
[2025-11-20 08:19:23] Preparando envío a: contadoralmonacid@yahoo.es
[2025-11-20 08:19:23] ✓ ENVIADO exitosamente a: contadoralmonacid@yahoo.es
[2025-11-20 08:19:23] Esperando 3 segundos...
[2025-11-20 08:19:26] --- Procesando registro ID: 102 ---
[2025-11-20 08:19:26] Preparando envío a: Victor.oryan@grupogtd.com
[2025-11-20 08:19:26] ✓ ENVIADO exitosamente a: Victor.oryan@grupogtd.com
[2025-11-20 08:19:26] Esperando 3 segundos...
[2025-11-20 08:19:29] --- Procesando registro ID: 103 ---
[2025-11-20 08:19:29] Preparando envío a: ivan.berrios@zofri.cl
[2025-11-20 08:19:29] ✓ ENVIADO exitosamente a: ivan.berrios@zofri.cl
[2025-11-20 08:19:29] Esperando 3 segundos...
[2025-11-20 08:19:32] --- Procesando registro ID: 104 ---
[2025-11-20 08:19:32] Preparando envío a: felipe.albistur@zofri.cl
[2025-11-20 08:19:32] ✓ ENVIADO exitosamente a: felipe.albistur@zofri.cl
[2025-11-20 08:19:32] Esperando 3 segundos...
[2025-11-20 08:19:40] --- Procesando registro ID: 105 ---
[2025-11-20 08:19:40] Preparando envío a: leopoldo.valenzuela@zofri.cl
[2025-11-20 08:19:34] ✓ ENVIADO exitosamente a: leopoldo.valenzuela@zofri.cl
[2025-11-20 08:19:34] Esperando 3 segundos...
[2025-11-20 08:19:37] --- Procesando registro ID: 106 ---
[2025-11-20 08:19:37] Preparando envío a: agencia.decimoquinta@gmail.com
[2025-11-20 08:19:37] ✓ ENVIADO exitosamente a: agencia.decimoquinta@gmail.com
[2025-11-20 08:19:37] Esperando 3 segundos...
[2025-11-20 08:19:40] --- Procesando registro ID: 107 ---
[2025-11-20 08:19:40] Preparando envío a: alezitha.sanchez21@gmail.com
[2025-11-20 08:19:40] ✓ ENVIADO exitosamente a: alezitha.sanchez21@gmail.com
[2025-11-20 08:19:40] Esperando 3 segundos...
[2025-11-20 08:19:43] --- Procesando registro ID: 108 ---
[2025-11-20 08:19:43] Preparando envío a: asesorialogisticasanhueza@gmail.com
[2025-11-20 08:19:43] ✓ ENVIADO exitosamente a: asesorialogisticasanhueza@gmail.com
[2025-11-20 08:19:43] Esperando 3 segundos...
[2025-11-20 08:19:46] --- Procesando registro ID: 109 ---
[2025-11-20 08:19:46] Preparando envío a: amontalar@hacienda.gov.cl
[2025-11-20 08:19:46] ✓ ENVIADO exitosamente a: amontalar@hacienda.gov.cl
[2025-11-20 08:19:46] Esperando 3 segundos...
[2025-11-20 08:19:49] === FIN DE LOTE - Pausa de 45 segundos ===
[2025-11-20 08:20:35] === REANUDANDO ENVÍOS ===
[2025-11-20 08:20:35] --- Procesando registro ID: 111 ---
[2025-11-20 08:20:35] Preparando envío a: alexquispe2706@gmail.com
[2025-11-20 08:20:35] ✓ ENVIADO exitosamente a: alexquispe2706@gmail.com
[2025-11-20 08:20:35] Esperando 3 segundos...
[2025-11-20 08:20:32] --- Procesando registro ID: 112 ---
[2025-11-20 08:20:32] Preparando envío a: yerkopintott@gmail.com
[2025-11-20 08:20:32] ✓ ENVIADO exitosamente a: yerkopintott@gmail.com
[2025-11-20 08:20:32] Esperando 3 segundos...
[2025-11-20 08:20:35] --- Procesando registro ID: 114 ---
[2025-11-20 08:20:35] Preparando envío a: adrianachoque@gmail.com
[2025-11-20 08:20:35] ✓ ENVIADO exitosamente a: adrianachoque@gmail.com
[2025-11-20 08:20:35] Esperando 3 segundos...
[2025-11-20 08:20:38] --- Procesando registro ID: 115 ---
[2025-11-20 08:20:38] Preparando envío a: jzuniga@economia.cl
[2025-11-20 08:20:38] ✓ ENVIADO exitosamente a: jzuniga@economia.cl
[2025-11-20 08:20:38] Esperando 3 segundos...
[2025-11-20 08:20:40] --- Procesando registro ID: 116 ---
[2025-11-20 08:20:40] Preparando envío a: npakuti@gmail.com
[2025-11-20 08:20:40] ✓ ENVIADO exitosamente a: npakuti@gmail.com
[2025-11-20 08:20:40] Esperando 3 segundos...
[2025-11-20 08:20:43] --- Procesando registro ID: 117 ---
[2025-11-20 08:20:43] Preparando envío a: smunoz@tpa.cl
[2025-11-20 08:20:44] ✓ ENVIADO exitosamente a: smunoz@tpa.cl
[2025-11-20 08:20:44] Esperando 3 segundos...
[2025-11-20 08:20:46] --- Procesando registro ID: 118 ---
[2025-11-20 08:20:46] Preparando envío a: rvillena@logal.cl
[2025-11-20 08:20:46] ✓ ENVIADO exitosamente a: rvillena@logal.cl
[2025-11-20 08:20:46] Esperando 3 segundos...
[2025-11-20 08:20:49] --- Procesando registro ID: 119 ---
[2025-11-20 08:20:49] Preparando envío a: manager@nikaoma.cl
[2025-11-20 08:20:49] ✓ ENVIADO exitosamente a: manager@nikaoma.cl
[2025-11-20 08:20:49] Esperando 3 segundos...
[2025-11-20 08:20:52] --- Procesando registro ID: 120 ---
[2025-11-20 08:20:52] Preparando envío a: dayanna.gonzalez@zofri.cl
[2025-11-20 08:20:52] ✓ ENVIADO exitosamente a: dayanna.gonzalez@zofri.cl
[2025-11-20 08:20:52] Esperando 3 segundos...
[2025-11-20 08:20:54] --- Procesando registro ID: 121 ---
[2025-11-20 08:20:54] Preparando envío a: silvana.vargas@zofri.cl
[2025-11-20 08:20:54] ✓ ENVIADO exitosamente a: silvana.vargas@zofri.cl
[2025-11-20 08:20:54] Esperando 3 segundos...
[2025-11-20 08:20:57] --- Procesando registro ID: 122 ---
[2025-11-20 08:20:57] Preparando envío a: abdonhernan999@gmail.com
[2025-11-20 08:20:57] ✓ ENVIADO exitosamente a: abdonhernan999@gmail.com
[2025-11-20 08:20:57] Esperando 3 segundos...
[2025-11-20 08:21:00] --- Procesando registro ID: 123 ---
[2025-11-20 08:21:00] Preparando envío a: gerencia@pvspa.cl
[2025-11-20 08:21:00] ✓ ENVIADO exitosamente a: gerencia@pvspa.cl
[2025-11-20 08:21:00] Esperando 3 segundos...
[2025-11-20 08:21:03] --- Procesando registro ID: 124 ---
[2025-11-20 08:21:03] Preparando envío a: alvaro.cabrera@msc.com
[2025-11-20 08:21:03] ✓ ENVIADO exitosamente a: alvaro.cabrera@msc.com
[2025-11-20 08:21:03] Esperando 3 segundos...
[2025-11-20 08:21:06] --- Procesando registro ID: 125 ---
[2025-11-20 08:21:06] Preparando envío a: alexis.berrios@cotena.cl
[2025-11-20 08:21:06] ✓ ENVIADO exitosamente a: alexis.berrios@cotena.cl
[2025-11-20 08:21:06] Esperando 3 segundos...
[2025-11-20 08:21:09] --- Procesando registro ID: 126 ---
[2025-11-20 08:21:09] Preparando envío a: fabio.aranibar@gmail.com
[2025-11-20 08:21:09] ✓ ENVIADO exitosamente a: fabio.aranibar@gmail.com
[2025-11-20 08:21:09] Esperando 3 segundos...
[2025-11-20 08:21:11] === FIN DE LOTE - Pausa de 45 segundos ===
[2025-11-20 08:21:52] === REANUDANDO ENVÍOS ===
[2025-11-20 08:21:52] --- Procesando registro ID: 127 ---
[2025-11-20 08:21:52] Preparando envío a: ovillalobos@soprodi.cl
[2025-11-20 08:21:52] ✓ ENVIADO exitosamente a: ovillalobos@soprodi.cl
[2025-11-20 08:21:52] Esperando 3 segundos...
[2025-11-20 08:21:55] --- Procesando registro ID: 128 ---
[2025-11-20 08:21:55] Preparando envío a: hola.daniescobar@gmail.com
[2025-11-20 08:21:55] ✓ ENVIADO exitosamente a: hola.daniescobar@gmail.com
[2025-11-20 08:21:55] Esperando 3 segundos...
[2025-11-20 08:21:58] --- Procesando registro ID: 129 ---
[2025-11-20 08:21:58] Preparando envío a: rcordovae2017@gmail.com
[2025-11-20 08:21:58] ✓ ENVIADO exitosamente a: rcordovae2017@gmail.com
[2025-11-20 08:21:58] Esperando 3 segundos...
[2025-11-20 08:22:01] --- Procesando registro ID: 130 ---
[2025-11-20 08:22:01] Preparando envío a: kvizac@tpa.cl
[2025-11-20 08:22:01] ✓ ENVIADO exitosamente a: kvizac@tpa.cl
[2025-11-20 08:22:01] Esperando 3 segundos...
[2025-11-20 08:22:04] --- Procesando registro ID: 131 ---
[2025-11-20 08:22:04] Preparando envío a: catalinamarinxd@gmail.com
[2025-11-20 08:22:04] ✓ ENVIADO exitosamente a: catalinamarinxd@gmail.com
[2025-11-20 08:22:04] Esperando 3 segundos...
[2025-11-20 08:22:06] --- Procesando registro ID: 132 ---
[2025-11-20 08:22:06] Preparando envío a: alfred.guzman.dvd@gmail.com
[2025-11-20 08:22:06] ✓ ENVIADO exitosamente a: alfred.guzman.dvd@gmail.com
[2025-11-20 08:22:06] Esperando 3 segundos...
[2025-11-20 08:22:09] --- Procesando registro ID: 133 ---
[2025-11-20 08:22:09] Preparando envío a: negretejenni24@gmail.com
[2025-11-20 08:22:09] ✓ ENVIADO exitosamente a: negretejenni24@gmail.com
[2025-11-20 08:22:09] Esperando 3 segundos...
[2025-11-20 08:22:12] --- Procesando registro ID: 134 ---
[2025-11-20 08:22:12] Preparando envío a: kurzua@ucsc.cl
[2025-11-20 08:22:12] ✓ ENVIADO exitosamente a: kurzua@ucsc.cl
[2025-11-20 08:22:12] Esperando 3 segundos...
[2025-11-20 08:22:14] --- Procesando registro ID: 135 ---
[2025-11-20 08:22:14] Preparando envío a: jenniferirenenegretesanchez@gmail.com
[2025-11-20 08:22:15] ✓ ENVIADO exitosamente a: jenniferirenenegretesanchez@gmail.com
[2025-11-20 08:22:15] Esperando 3 segundos...
[2025-11-20 08:22:18] --- Procesando registro ID: 136 ---
[2025-11-20 08:22:18] Preparando envío a: omar.sanchez@sealers.com.pe
[2025-11-20 08:22:18] ✓ ENVIADO exitosamente a: omar.sanchez@sealers.com.pe
[2025-11-20 08:22:18] Esperando 3 segundos...
[2025-11-20 08:22:20] --- Procesando registro ID: 137 ---
[2025-11-20 08:22:20] Preparando envío a: richter056@hotmail.com
[2025-11-20 08:22:20] ✓ ENVIADO exitosamente a: richter056@hotmail.com
[2025-11-20 08:22:20] Esperando 3 segundos...
[2025-11-20 08:22:23] --- Procesando registro ID: 138 ---
[2025-11-20 08:22:23] Preparando envío a: avaloslia123@gmail.com
[2025-11-20 08:22:23] ✓ ENVIADO exitosamente a: avaloslia123@gmail.com
[2025-11-20 08:22:23] Esperando 3 segundos...
[2025-11-20 08:22:26] --- Procesando registro ID: 139 ---
[2025-11-20 08:22:26] Preparando envío a: nataliazeballos1997@gmail.com
[2025-11-20 08:22:26] ✓ ENVIADO exitosamente a: nataliazeballos1997@gmail.com
[2025-11-20 08:22:26] Esperando 3 segundos...
[2025-11-20 08:22:29] --- Procesando registro ID: 140 ---
[2025-11-20 08:22:29] Preparando envío a: ancietaferrufinonoe@gmail.com
[2025-11-20 08:22:29] ✓ ENVIADO exitosamente a: ancietaferrufinonoe@gmail.com
[2025-11-20 08:22:29] Esperando 3 segundos...
[2025-11-20 08:22:31] --- Procesando registro ID: 141 ---
[2025-11-20 08:22:31] Preparando envío a: csilva@benexia.com
[2025-11-20 08:22:32] ✓ ENVIADO exitosamente a: csilva@benexia.com
[2025-11-20 08:22:32] Esperando 3 segundos...
[2025-11-20 08:22:35] === FIN DE LOTE - Pausa de 45 segundos ===
[2025-11-20 08:23:15] === REANUDANDO ENVÍOS ===
[2025-11-20 08:23:15] --- Procesando registro ID: 143 ---
[2025-11-20 08:23:15] Preparando envío a: avaloslia123@gmail.com
[2025-11-20 08:23:15] ✓ ENVIADO exitosamente a: avaloslia123@gmail.com
[2025-11-20 08:23:15] Esperando 3 segundos...
[2025-11-20 08:23:18] --- Procesando registro ID: 144 ---
[2025-11-20 08:23:18] Preparando envío a: iserviceltda@tie.cl
[2025-11-20 08:23:18] ✓ ENVIADO exitosamente a: iserviceltda@tie.cl
[2025-11-20 08:23:18] Esperando 3 segundos...
[2025-11-20 08:23:21] --- Procesando registro ID: 145 ---
[2025-11-20 08:23:21] Preparando envío a: farenasvargas@gmail.com
[2025-11-20 08:23:21] ✓ ENVIADO exitosamente a: farenasvargas@gmail.com
[2025-11-20 08:23:21] Esperando 3 segundos...
[2025-11-20 08:23:24] --- Procesando registro ID: 146 ---
[2025-11-20 08:23:24] Preparando envío a: yerkopintott@gmail.com
[2025-11-20 08:23:24] ✓ ENVIADO exitosamente a: yerkopintott@gmail.com
[2025-11-20 08:23:24] Esperando 3 segundos...
[2025-11-20 08:23:26] --- Procesando registro ID: 147 ---
[2025-11-20 08:23:26] Preparando envío a: dea@cftestatalaricayparinacota.cl
[2025-11-20 08:23:27] ✓ ENVIADO exitosamente a: dea@cftestatalaricayparinacota.cl
[2025-11-20 08:23:27] Esperando 3 segundos...
[2025-11-20 08:23:30] --- Procesando registro ID: 148 ---
[2025-11-20 08:23:30] Preparando envío a: Nicolelissette07@gmail.com
[2025-11-20 08:23:30] ✓ ENVIADO exitosamente a: Nicolelissette07@gmail.com
[2025-11-20 08:23:30] Esperando 3 segundos...
[2025-11-20 08:23:32] --- Procesando registro ID: 149 ---
[2025-11-20 08:23:32] Preparando envío a: alvaro.vc1001@gmail.com
[2025-11-20 08:23:32] ✓ ENVIADO exitosamente a: alvaro.vc1001@gmail.com
[2025-11-20 08:23:32] Esperando 3 segundos...
[2025-11-20 08:23:35] --- Procesando registro ID: 150 ---
[2025-11-20 08:23:35] Preparando envío a: pedromarcacano@hotmail.com
[2025-11-20 08:23:35] ✓ ENVIADO exitosamente a: pedromarcacano@hotmail.com
[2025-11-20 08:23:35] Esperando 3 segundos...
[2025-11-20 08:23:38] --- Procesando registro ID: 151 ---
[2025-11-20 08:23:38] Preparando envío a: jefferson.santos.hu@gmail.com
[2025-11-20 08:23:38] ✓ ENVIADO exitosamente a: jefferson.santos.hu@gmail.com
[2025-11-20 08:23:38] Esperando 3 segundos...
[2025-11-20 08:23:40] --- Procesando registro ID: 152 ---
[2025-11-20 08:23:40] Preparando envío a: sebastian.urrutia@corfo.cl
[2025-11-20 08:23:40] ✓ ENVIADO exitosamente a: sebastian.urrutia@corfo.cl
[2025-11-20 08:23:40] Esperando 3 segundos...
[2025-11-20 08:23:43] --- Procesando registro ID: 153 ---
[2025-11-20 08:23:43] Preparando envío a: mcortez@gomezasociados.cl
[2025-11-20 08:23:43] ✓ ENVIADO exitosamente a: mcortez@gomezasociados.cl
[2025-11-20 08:23:43] Esperando 3 segundos...
[2025-11-20 08:23:46] --- Procesando registro ID: 155 ---
[2025-11-20 08:23:46] Preparando envío a: defensaunidaspa@gmail.com
[2025-11-20 08:23:46] ✓ ENVIADO exitosamente a: defensaunidaspa@gmail.com
[2025-11-20 08:23:46] Esperando 3 segundos...
[2025-11-20 08:23:49] --- Procesando registro ID: 156 ---
[2025-11-20 08:23:49] Preparando envío a: l.anacona@storage-solutions.cl
[2025-11-20 08:23:49] ✓ ENVIADO exitosamente a: l.anacona@storage-solutions.cl
[2025-11-20 08:23:49] Esperando 3 segundos...
[2025-11-20 08:23:52] --- Procesando registro ID: 157 ---
[2025-11-20 08:23:52] Preparando envío a: cagh528@gmail.com
[2025-11-20 08:23:52] ✓ ENVIADO exitosamente a: cagh528@gmail.com
[2025-11-20 08:23:52] Esperando 3 segundos...
[2025-11-20 08:23:55] --- Procesando registro ID: 158 ---
[2025-11-20 08:23:55] Preparando envío a: esoto@iantaylor.com
[2025-11-20 08:23:55] ✓ ENVIADO exitosamente a: esoto@iantaylor.com
[2025-11-20 08:23:55] Esperando 3 segundos...
[2025-11-20 08:23:57] === FIN DE LOTE - Pausa de 45 segundos ===
[2025-11-20 08:24:38] === REANUDANDO ENVÍOS ===
[2025-11-20 08:24:38] --- Procesando registro ID: 159 ---
[2025-11-20 08:24:38] Preparando envío a: mauricio@agendalogistica.cl
[2025-11-20 08:24:38] ✓ ENVIADO exitosamente a: mauricio@agendalogistica.cl
[2025-11-20 08:24:38] Esperando 3 segundos...
[2025-11-20 08:24:41] --- Procesando registro ID: 160 ---
[2025-11-20 08:24:41] Preparando envío a: cbastiasizquierdo@gmail.com
[2025-11-20 08:24:41] ✓ ENVIADO exitosamente a: cbastiasizquierdo@gmail.com
[2025-11-20 08:24:41] Esperando 3 segundos...
[2025-11-20 08:24:44] --- Procesando registro ID: 161 ---
[2025-11-20 08:24:44] Preparando envío a: mariela.vf@hotmail.com
[2025-11-20 08:24:44] ✓ ENVIADO exitosamente a: mariela.vf@hotmail.com
[2025-11-20 08:24:44] Esperando 3 segundos...
[2025-11-20 08:24:47] --- Procesando registro ID: 162 ---
[2025-11-20 08:24:47] Preparando envío a: yvargasf@desarrollosocial.cl
[2025-11-20 08:24:47] ✓ ENVIADO exitosamente a: yvargasf@desarrollosocial.cl
[2025-11-20 08:24:47] Esperando 3 segundos...
[2025-11-20 08:24:50] --- Procesando registro ID: 163 ---
[2025-11-20 08:24:50] Preparando envío a: asotupactacna@gmail.com
[2025-11-20 08:24:50] ✓ ENVIADO exitosamente a: asotupactacna@gmail.com
[2025-11-20 08:24:50] Esperando 3 segundos...
[2025-11-20 08:24:52] --- Procesando registro ID: 164 ---
[2025-11-20 08:24:52] Preparando envío a: norbenes@gmail.com
[2025-11-20 08:24:52] ✓ ENVIADO exitosamente a: norbenes@gmail.com
[2025-11-20 08:24:52] Esperando 3 segundos...
[2025-11-20 08:24:55] --- Procesando registro ID: 165 ---
[2025-11-20 08:24:55] Preparando envío a: nataliazeballos1997@gmail.com
[2025-11-20 08:24:55] ✓ ENVIADO exitosamente a: nataliazeballos1997@gmail.com
[2025-11-20 08:24:55] Esperando 3 segundos...
[2025-11-20 08:24:58] --- Procesando registro ID: 166 ---
[2025-11-20 08:24:58] Preparando envío a: choquemagneadriana97@gmail.com
[2025-11-20 08:24:58] ✓ ENVIADO exitosamente a: choquemagneadriana97@gmail.com
[2025-11-20 08:24:58] Esperando 3 segundos...
[2025-11-20 08:25:00] --- Procesando registro ID: 167 ---
[2025-11-20 08:25:00] Preparando envío a: ehidalgo2022@gmail.com
[2025-11-20 08:25:01] ✓ ENVIADO exitosamente a: ehidalgo2022@gmail.com
[2025-11-20 08:25:01] Esperando 3 segundos...
[2025-11-20 08:25:04] --- Procesando registro ID: 168 ---
[2025-11-20 08:25:04] Preparando envío a: victor.escobillana@msc.com
[2025-11-20 08:25:04] ✓ ENVIADO exitosamente a: victor.escobillana@msc.com
[2025-11-20 08:25:04] Esperando 3 segundos...
[2025-11-20 08:25:06] --- Procesando registro ID: 169 ---
[2025-11-20 08:25:06] Preparando envío a: gujago@gmail.com
[2025-11-20 08:25:06] ✓ ENVIADO exitosamente a: gujago@gmail.com
[2025-11-20 08:25:06] Esperando 3 segundos...
[2025-11-20 08:25:09] --- Procesando registro ID: 170 ---
[2025-11-20 08:25:09] Preparando envío a: lpaoletti@puertoarica.cl
[2025-11-20 08:25:09] ✓ ENVIADO exitosamente a: lpaoletti@puertoarica.cl
[2025-11-20 08:25:09] Esperando 3 segundos...
[2025-11-20 08:25:12] --- Procesando registro ID: 171 ---
[2025-11-20 08:25:12] Preparando envío a: paolo.bruna@pisis.cl
[2025-11-20 08:25:12] ✓ ENVIADO exitosamente a: paolo.bruna@pisis.cl
[2025-11-20 08:25:12] Esperando 3 segundos...
[2025-11-20 08:25:15] --- Procesando registro ID: 173 ---
[2025-11-20 08:25:15] Preparando envío a: nbadilla@tpa.cl
[2025-11-20 08:25:21] ✓ ENVIADO exitosamente a: nbadilla@tpa.cl
[2025-11-20 08:25:21] Esperando 3 segundos...
[2025-11-20 08:25:17] --- Procesando registro ID: 174 ---
[2025-11-20 08:25:17] Preparando envío a: emilio_varas@inacap.cl
[2025-11-20 08:25:17] ✓ ENVIADO exitosamente a: emilio_varas@inacap.cl
[2025-11-20 08:25:17] Esperando 3 segundos...
[2025-11-20 08:25:20] === FIN DE LOTE - Pausa de 45 segundos ===
[2025-11-20 08:26:01] === REANUDANDO ENVÍOS ===
[2025-11-20 08:26:01] --- Procesando registro ID: 175 ---
[2025-11-20 08:26:01] Preparando envío a: javier.donoso@goldenomega.cl
[2025-11-20 08:26:01] ✓ ENVIADO exitosamente a: javier.donoso@goldenomega.cl
[2025-11-20 08:26:01] Esperando 3 segundos...
[2025-11-20 08:26:04] --- Procesando registro ID: 176 ---
[2025-11-20 08:26:04] Preparando envío a: conniee.marchant@gmail.com
[2025-11-20 08:26:04] ✓ ENVIADO exitosamente a: conniee.marchant@gmail.com
[2025-11-20 08:26:04] Esperando 3 segundos...
[2025-11-20 08:26:07] --- Procesando registro ID: 177 ---
[2025-11-20 08:26:07] Preparando envío a: dvaldivia@inacap.cl
[2025-11-20 08:26:07] ✓ ENVIADO exitosamente a: dvaldivia@inacap.cl
[2025-11-20 08:26:07] Esperando 3 segundos...
[2025-11-20 08:26:10] --- Procesando registro ID: 178 ---
[2025-11-20 08:26:10] Preparando envío a: cmoscoso@inacap.cl
[2025-11-20 08:26:10] ✓ ENVIADO exitosamente a: cmoscoso@inacap.cl
[2025-11-20 08:26:10] Esperando 3 segundos...
[2025-11-20 08:26:12] --- Procesando registro ID: 179 ---
[2025-11-20 08:26:12] Preparando envío a: cristiantoledof@gmail.com
[2025-11-20 08:26:12] ✓ ENVIADO exitosamente a: cristiantoledof@gmail.com
[2025-11-20 08:26:12] Esperando 3 segundos...
[2025-11-20 08:26:15] --- Procesando registro ID: 180 ---
[2025-11-20 08:26:15] Preparando envío a: ctorres@tpa.cl
[2025-11-20 08:26:15] ✓ ENVIADO exitosamente a: ctorres@tpa.cl
[2025-11-20 08:26:15] Esperando 3 segundos...
[2025-11-20 08:26:18] --- Procesando registro ID: 181 ---
[2025-11-20 08:26:18] Preparando envío a: luis.lagos190@gmail.com
[2025-11-20 08:26:18] ✓ ENVIADO exitosamente a: luis.lagos190@gmail.com
[2025-11-20 08:26:18] Esperando 3 segundos...
[2025-11-20 08:26:21] --- Procesando registro ID: 182 ---
[2025-11-20 08:26:21] Preparando envío a: cvaldivia@inacap.cl
[2025-11-20 08:26:21] ✓ ENVIADO exitosamente a: cvaldivia@inacap.cl
[2025-11-20 08:26:21] Esperando 3 segundos...
[2025-11-20 08:26:24] --- Procesando registro ID: 183 ---
[2025-11-20 08:26:24] Preparando envío a: jcontrerash@investigaciones.cl
[2025-11-20 08:26:24] ✓ ENVIADO exitosamente a: jcontrerash@investigaciones.cl
[2025-11-20 08:26:24] Esperando 3 segundos...
[2025-11-20 08:26:26] --- Procesando registro ID: 184 ---
[2025-11-20 08:26:26] Preparando envío a: Lfuentes@puertocolumbo.com
[2025-11-20 08:26:26] ✓ ENVIADO exitosamente a: Lfuentes@puertocolumbo.com
[2025-11-20 08:26:26] Esperando 3 segundos...
[2025-11-20 08:26:29] --- Procesando registro ID: 185 ---
[2025-11-20 08:26:29] Preparando envío a: eurrutia@inacap.cl
[2025-11-20 08:26:29] ✓ ENVIADO exitosamente a: eurrutia@inacap.cl
[2025-11-20 08:26:29] Esperando 3 segundos...
[2025-11-20 08:26:32] --- Procesando registro ID: 186 ---
[2025-11-20 08:26:32] Preparando envío a: czunigareyes@gmail.com
[2025-11-20 08:26:32] ✓ ENVIADO exitosamente a: czunigareyes@gmail.com
[2025-11-20 08:26:32] Esperando 3 segundos...
[2025-11-20 08:26:35] --- Procesando registro ID: 187 ---
[2025-11-20 08:26:35] Preparando envío a: Luis.quiroz@accessworld.com
[2025-11-20 08:26:35] ✓ ENVIADO exitosamente a: Luis.quiroz@accessworld.com
[2025-11-20 08:26:35] Esperando 3 segundos...
[2025-11-20 08:26:37] --- Procesando registro ID: 188 ---
[2025-11-20 08:26:37] Preparando envío a: iarosa@investigaciones.cl
[2025-11-20 08:26:38] ✓ ENVIADO exitosamente a: iarosa@investigaciones.cl
[2025-11-20 08:26:38] Esperando 3 segundos...
[2025-11-20 08:26:40] --- Procesando registro ID: 189 ---
[2025-11-20 08:26:40] Preparando envío a: kkuskinen@inacap.cl
[2025-11-20 08:26:40] ✓ ENVIADO exitosamente a: kkuskinen@inacap.cl
[2025-11-20 08:26:40] Esperando 3 segundos...
[2025-11-20 08:26:43] === FIN DE LOTE - Pausa de 45 segundos ===
[2025-11-20 08:27:24] === REANUDANDO ENVÍOS ===
[2025-11-20 08:27:24] --- Procesando registro ID: 190 ---
[2025-11-20 08:27:24] Preparando envío a: ajimenez@tpa.cl
[2025-11-20 08:27:24] ✓ ENVIADO exitosamente a: ajimenez@tpa.cl
[2025-11-20 08:27:24] Esperando 3 segundos...
[2025-11-20 08:27:27] --- Procesando registro ID: 191 ---
[2025-11-20 08:27:27] Preparando envío a: mariocng@gmail.com
[2025-11-20 08:27:27] ✓ ENVIADO exitosamente a: mariocng@gmail.com
[2025-11-20 08:27:27] Esperando 3 segundos...
[2025-11-20 08:27:30] --- Procesando registro ID: 192 ---
[2025-11-20 08:27:30] Preparando envío a: vinculacion@cftestatalaricayparinacota.cl
[2025-11-20 08:27:30] ✓ ENVIADO exitosamente a: vinculacion@cftestatalaricayparinacota.cl
[2025-11-20 08:27:30] Esperando 3 segundos...
[2025-11-20 08:27:32] --- Procesando registro ID: 193 ---
[2025-11-20 08:27:32] Preparando envío a: smunoz@tpa.cl
[2025-11-20 08:27:32] ✓ ENVIADO exitosamente a: smunoz@tpa.cl
[2025-11-20 08:27:32] Esperando 3 segundos...
[2025-11-20 08:27:35] --- Procesando registro ID: 194 ---
[2025-11-20 08:27:35] Preparando envío a: fbarriat@inacap.cl
[2025-11-20 08:27:35] ✓ ENVIADO exitosamente a: fbarriat@inacap.cl
[2025-11-20 08:27:35] Esperando 3 segundos...
[2025-11-20 08:27:38] --- Procesando registro ID: 196 ---
[2025-11-20 08:27:38] Preparando envío a: fabianalejandrocalle@gmail.com
[2025-11-20 08:27:38] ✓ ENVIADO exitosamente a: fabianalejandrocalle@gmail.com
[2025-11-20 08:27:38] Esperando 3 segundos...
[2025-11-20 08:27:41] --- Procesando registro ID: 197 ---
[2025-11-20 08:27:41] Preparando envío a: mirtha.arancibia@goreayp.cl
[2025-11-20 08:27:41] ✓ ENVIADO exitosamente a: mirtha.arancibia@goreayp.cl
[2025-11-20 08:27:41] Esperando 3 segundos...
[2025-11-20 08:27:44] --- Procesando registro ID: 198 ---
[2025-11-20 08:27:44] Preparando envío a: paniaguatatiana11@gmail.com
[2025-11-20 08:27:44] ✓ ENVIADO exitosamente a: paniaguatatiana11@gmail.com
[2025-11-20 08:27:44] Esperando 3 segundos...
[2025-11-20 08:27:46] --- Procesando registro ID: 199 ---
[2025-11-20 08:27:46] Preparando envío a: cristianahumadalegal@hotmail.com
[2025-11-20 08:27:46] ✓ ENVIADO exitosamente a: cristianahumadalegal@hotmail.com
[2025-11-20 08:27:46] Esperando 3 segundos...
[2025-11-20 08:27:49] --- Procesando registro ID: 200 ---
[2025-11-20 08:27:49] Preparando envío a: bolivelarde@gmail.com
[2025-11-20 08:27:49] ✓ ENVIADO exitosamente a: bolivelarde@gmail.com
[2025-11-20 08:27:49] Esperando 3 segundos...
[2025-11-20 08:27:52] --- Procesando registro ID: 201 ---
[2025-11-20 08:27:52] Preparando envío a: produccionescaity@gmail.com
[2025-11-20 08:27:52] ✓ ENVIADO exitosamente a: produccionescaity@gmail.com
[2025-11-20 08:27:52] Esperando 3 segundos...
[2025-11-20 08:27:55] --- Procesando registro ID: 202 ---
[2025-11-20 08:27:55] Preparando envío a: isisjhunnay@gmail.com
[2025-11-20 08:28:01] ✓ ENVIADO exitosamente a: isisjhunnay@gmail.com
[2025-11-20 08:28:01] Esperando 3 segundos...
[2025-11-20 08:27:58] --- Procesando registro ID: 203 ---
[2025-11-20 08:27:58] Preparando envío a: micaveal1098@gmail.com
[2025-11-20 08:27:58] ✓ ENVIADO exitosamente a: micaveal1098@gmail.com
[2025-11-20 08:27:58] Esperando 3 segundos...
[2025-11-20 08:28:00] --- Procesando registro ID: 204 ---
[2025-11-20 08:28:00] Preparando envío a: micaveal1098@gmail.com
[2025-11-20 08:28:00] ✓ ENVIADO exitosamente a: micaveal1098@gmail.com
[2025-11-20 08:28:00] Esperando 3 segundos...
[2025-11-20 08:28:03] --- Procesando registro ID: 205 ---
[2025-11-20 08:28:03] Preparando envío a: olivia.galvez@gmail.com
[2025-11-20 08:28:03] ✓ ENVIADO exitosamente a: olivia.galvez@gmail.com
[2025-11-20 08:28:03] Esperando 3 segundos...
[2025-11-20 08:28:06] === FIN DE LOTE - Pausa de 45 segundos ===
[2025-11-20 08:28:47] === REANUDANDO ENVÍOS ===
[2025-11-20 08:28:47] --- Procesando registro ID: 206 ---
[2025-11-20 08:28:47] Preparando envío a: belen.rojas@corfo.cl
[2025-11-20 08:28:47] ✓ ENVIADO exitosamente a: belen.rojas@corfo.cl
[2025-11-20 08:28:47] Esperando 3 segundos...
[2025-11-20 08:28:50] --- Procesando registro ID: 207 ---
[2025-11-20 08:28:50] Preparando envío a: fgutierrez@corfo.cl
[2025-11-20 08:28:50] ✓ ENVIADO exitosamente a: fgutierrez@corfo.cl
[2025-11-20 08:28:50] Esperando 3 segundos...
[2025-11-20 08:28:53] --- Procesando registro ID: 208 ---
[2025-11-20 08:28:53] Preparando envío a: cynthia.aramayo12@gmail.com
[2025-11-20 08:28:53] ✓ ENVIADO exitosamente a: cynthia.aramayo12@gmail.com
[2025-11-20 08:28:53] Esperando 3 segundos...
[2025-11-20 08:28:55] --- Procesando registro ID: 209 ---
[2025-11-20 08:28:55] Preparando envío a: marcela.munoz@corfo.cl
[2025-11-20 08:28:55] ✓ ENVIADO exitosamente a: marcela.munoz@corfo.cl
[2025-11-20 08:28:55] Esperando 3 segundos...
[2025-11-20 08:28:58] --- Procesando registro ID: 210 ---
[2025-11-20 08:28:58] Preparando envío a: gustavo.rivera@zofri.cl
[2025-11-20 08:28:58] ✓ ENVIADO exitosamente a: gustavo.rivera@zofri.cl
[2025-11-20 08:28:58] Esperando 3 segundos...
[2025-11-20 08:29:01] --- Procesando registro ID: 211 ---
[2025-11-20 08:29:01] Preparando envío a: maribel.vidal@zofri.cl
[2025-11-20 08:29:01] ✓ ENVIADO exitosamente a: maribel.vidal@zofri.cl
[2025-11-20 08:29:01] Esperando 3 segundos...
[2025-11-20 08:29:04] --- Procesando registro ID: 212 ---
[2025-11-20 08:29:04] Preparando envío a: pithurbisquy@gmail.com
[2025-11-20 08:29:04] ✓ ENVIADO exitosamente a: pithurbisquy@gmail.com
[2025-11-20 08:29:04] Esperando 3 segundos...
[2025-11-20 08:29:06] --- Procesando registro ID: 213 ---
[2025-11-20 08:29:06] Preparando envío a: dayanna.gonzalez@zofri.cl
[2025-11-20 08:29:07] ✓ ENVIADO exitosamente a: dayanna.gonzalez@zofri.cl
[2025-11-20 08:29:07] Esperando 3 segundos...
[2025-11-20 08:29:10] --- Procesando registro ID: 215 ---
[2025-11-20 08:29:10] Preparando envío a: mtejada@zofratacna.com.pe
[2025-11-20 08:29:10] ✓ ENVIADO exitosamente a: mtejada@zofratacna.com.pe
[2025-11-20 08:29:10] Esperando 3 segundos...
[2025-11-20 08:29:12] --- Procesando registro ID: 216 ---
[2025-11-20 08:29:12] Preparando envío a: is_marcela_valdivia@yahoo.es
[2025-11-20 08:29:12] ✓ ENVIADO exitosamente a: is_marcela_valdivia@yahoo.es
[2025-11-20 08:29:12] Esperando 3 segundos...
[2025-11-20 08:29:21] --- Procesando registro ID: 217 ---
[2025-11-20 08:29:21] Preparando envío a: malejandramaqp614@gmail.com
[2025-11-20 08:29:21] ✓ ENVIADO exitosamente a: malejandramaqp614@gmail.com
[2025-11-20 08:29:21] Esperando 3 segundos...
[2025-11-20 08:29:18] --- Procesando registro ID: 218 ---
[2025-11-20 08:29:18] Preparando envío a: ibarrera@cchc.cl
[2025-11-20 08:29:18] ✓ ENVIADO exitosamente a: ibarrera@cchc.cl
[2025-11-20 08:29:18] Esperando 3 segundos...
[2025-11-20 08:29:20] --- Procesando registro ID: 219 ---
[2025-11-20 08:29:20] Preparando envío a: ricardopenajones70@gmail.com
[2025-11-20 08:29:20] ✓ ENVIADO exitosamente a: ricardopenajones70@gmail.com
[2025-11-20 08:29:20] Esperando 3 segundos...
[2025-11-20 08:29:23] --- Procesando registro ID: 220 ---
[2025-11-20 08:29:23] Preparando envío a: cristian.gonzalez@goreayp.cl
[2025-11-20 08:29:23] ✓ ENVIADO exitosamente a: cristian.gonzalez@goreayp.cl
[2025-11-20 08:29:23] Esperando 3 segundos...
[2025-11-20 08:29:26] --- Procesando registro ID: 221 ---
[2025-11-20 08:29:26] Preparando envío a: estudios.arica@cchc.cl
[2025-11-20 08:29:26] ✓ ENVIADO exitosamente a: estudios.arica@cchc.cl
[2025-11-20 08:29:26] Esperando 3 segundos...
[2025-11-20 08:29:29] === FIN DE LOTE - Pausa de 45 segundos ===
[2025-11-20 08:30:10] === REANUDANDO ENVÍOS ===
[2025-11-20 08:30:10] --- Procesando registro ID: 222 ---
[2025-11-20 08:30:10] Preparando envío a: cristianahumadalegal@hotmail.com
[2025-11-20 08:30:10] ✓ ENVIADO exitosamente a: cristianahumadalegal@hotmail.com
[2025-11-20 08:30:10] Esperando 3 segundos...
[2025-11-20 08:30:13] --- Procesando registro ID: 223 ---
[2025-11-20 08:30:13] Preparando envío a: natalia.astorga@inacapmail.cl
[2025-11-20 08:30:13] ✓ ENVIADO exitosamente a: natalia.astorga@inacapmail.cl
[2025-11-20 08:30:13] Esperando 3 segundos...
[2025-11-20 08:30:15] --- Procesando registro ID: 224 ---
[2025-11-20 08:30:15] Preparando envío a: rodrigo.villegas18@inacapmail.cl
[2025-11-20 08:30:15] ✓ ENVIADO exitosamente a: rodrigo.villegas18@inacapmail.cl
[2025-11-20 08:30:15] Esperando 3 segundos...
[2025-11-20 08:30:18] --- Procesando registro ID: 225 ---
[2025-11-20 08:30:18] Preparando envío a: tamaraalejandrarodriguezgallar@gmail.com
[2025-11-20 08:30:18] ✓ ENVIADO exitosamente a: tamaraalejandrarodriguezgallar@gmail.com
[2025-11-20 08:30:18] Esperando 3 segundos...
[2025-11-20 08:30:21] --- Procesando registro ID: 226 ---
[2025-11-20 08:30:21] Preparando envío a: vicentepenaloza@gmail.com
[2025-11-20 08:30:21] ✓ ENVIADO exitosamente a: vicentepenaloza@gmail.com
[2025-11-20 08:30:21] Esperando 3 segundos...
[2025-11-20 08:30:24] --- Procesando registro ID: 227 ---
[2025-11-20 08:30:24] Preparando envío a: yessica.mardones@gmail.com
[2025-11-20 08:30:24] ✓ ENVIADO exitosamente a: yessica.mardones@gmail.com
[2025-11-20 08:30:24] Esperando 3 segundos...
[2025-11-20 08:30:27] --- Procesando registro ID: 228 ---
[2025-11-20 08:30:27] Preparando envío a: comunicaciones.arica@cchc.cl
[2025-11-20 08:30:27] ✓ ENVIADO exitosamente a: comunicaciones.arica@cchc.cl
[2025-11-20 08:30:27] Esperando 3 segundos...
[2025-11-20 08:30:30] --- Procesando registro ID: 229 ---
[2025-11-20 08:30:30] Preparando envío a: rosalescolquedanafatima14@gmail.com
[2025-11-20 08:30:30] ✓ ENVIADO exitosamente a: rosalescolquedanafatima14@gmail.com
[2025-11-20 08:30:30] Esperando 3 segundos...
[2025-11-20 08:30:32] --- Procesando registro ID: 230 ---
[2025-11-20 08:30:32] Preparando envío a: msmunoz@inacap.cl
[2025-11-20 08:30:32] ✓ ENVIADO exitosamente a: msmunoz@inacap.cl
[2025-11-20 08:30:32] Esperando 3 segundos...
[2025-11-20 08:30:41] --- Procesando registro ID: 231 ---
[2025-11-20 08:30:41] Preparando envío a: scabezas@caduanera.cl
[2025-11-20 08:30:41] ✓ ENVIADO exitosamente a: scabezas@caduanera.cl
[2025-11-20 08:30:41] Esperando 3 segundos...
[2025-11-20 08:30:38] --- Procesando registro ID: 232 ---
[2025-11-20 08:30:38] Preparando envío a: dicorrea1@uc.cl
[2025-11-20 08:30:38] ✓ ENVIADO exitosamente a: dicorrea1@uc.cl
[2025-11-20 08:30:38] Esperando 3 segundos...
[2025-11-20 08:30:40] --- Procesando registro ID: 233 ---
[2025-11-20 08:30:40] Preparando envío a: andrea09.carmenjv@gmail.com
[2025-11-20 08:30:41] ✓ ENVIADO exitosamente a: andrea09.carmenjv@gmail.com
[2025-11-20 08:30:41] Esperando 3 segundos...
[2025-11-20 08:30:44] --- Procesando registro ID: 234 ---
[2025-11-20 08:30:44] Preparando envío a: ERNESTO.LEE@MINAGRI.GOB.CL
[2025-11-20 08:30:44] ✓ ENVIADO exitosamente a: ERNESTO.LEE@MINAGRI.GOB.CL
[2025-11-20 08:30:44] Esperando 3 segundos...
[2025-11-20 08:30:46] --- Procesando registro ID: 235 ---
[2025-11-20 08:30:46] Preparando envío a: jaime.escobar@cblanco.cl
[2025-11-20 08:30:46] ✓ ENVIADO exitosamente a: jaime.escobar@cblanco.cl
[2025-11-20 08:30:46] Esperando 3 segundos...
[2025-11-20 08:30:49] --- Procesando registro ID: 236 ---
[2025-11-20 08:30:49] Preparando envío a: dsinger@caf.com
[2025-11-20 08:30:49] ✓ ENVIADO exitosamente a: dsinger@caf.com
[2025-11-20 08:30:49] Esperando 3 segundos...
[2025-11-20 08:30:52] === FIN DE LOTE - Pausa de 45 segundos ===
[2025-11-20 08:31:33] === REANUDANDO ENVÍOS ===
[2025-11-20 08:31:33] --- Procesando registro ID: 238 ---
[2025-11-20 08:31:33] Preparando envío a: rpdroguett@icloud.com
[2025-11-20 08:31:33] ✓ ENVIADO exitosamente a: rpdroguett@icloud.com
[2025-11-20 08:31:33] Esperando 3 segundos...
[2025-11-20 08:31:35] --- Procesando registro ID: 239 ---
[2025-11-20 08:31:35] Preparando envío a: vybuneder@sitrans.cl
[2025-11-20 08:31:35] ✓ ENVIADO exitosamente a: vybuneder@sitrans.cl
[2025-11-20 08:31:35] Esperando 3 segundos...
[2025-11-20 08:31:38] --- Procesando registro ID: 240 ---
[2025-11-20 08:31:38] Preparando envío a: quipallan.linda@gmail.com
[2025-11-20 08:31:39] ✓ ENVIADO exitosamente a: quipallan.linda@gmail.com
[2025-11-20 08:31:39] Esperando 3 segundos...
[2025-11-20 08:31:41] --- Procesando registro ID: 241 ---
[2025-11-20 08:31:41] Preparando envío a: juanito2025maciask75@gmail.com
[2025-11-20 08:31:41] ✓ ENVIADO exitosamente a: juanito2025maciask75@gmail.com
[2025-11-20 08:31:41] Esperando 3 segundos...
[2025-11-20 08:31:44] --- Procesando registro ID: 242 ---
[2025-11-20 08:31:44] Preparando envío a: camataignacionayeli12@gmail.com
[2025-11-20 08:31:44] ✓ ENVIADO exitosamente a: camataignacionayeli12@gmail.com
[2025-11-20 08:31:44] Esperando 3 segundos...
[2025-11-20 08:31:47] --- Procesando registro ID: 243 ---
[2025-11-20 08:31:47] Preparando envío a: aguzman@ctower.cl
[2025-11-20 08:31:47] ✓ ENVIADO exitosamente a: aguzman@ctower.cl
[2025-11-20 08:31:47] Esperando 3 segundos...
[2025-11-20 08:31:50] --- Procesando registro ID: 244 ---
[2025-11-20 08:31:50] Preparando envío a: cfranco@francogroup.cl
[2025-11-20 08:31:50] ✓ ENVIADO exitosamente a: cfranco@francogroup.cl
[2025-11-20 08:31:50] Esperando 3 segundos...
[2025-11-20 08:31:52] --- Procesando registro ID: 245 ---
[2025-11-20 08:31:52] Preparando envío a: dcorrea@puertoarica.cl
[2025-11-20 08:31:52] ✓ ENVIADO exitosamente a: dcorrea@puertoarica.cl
[2025-11-20 08:31:52] Esperando 3 segundos...
[2025-11-20 08:32:01] --- Procesando registro ID: 246 ---
[2025-11-20 08:32:01] Preparando envío a: jreyes@relual-abogados.com
[2025-11-20 08:32:01] ✓ ENVIADO exitosamente a: jreyes@relual-abogados.com
[2025-11-20 08:32:01] Esperando 3 segundos...
[2025-11-20 08:31:58] --- Procesando registro ID: 247 ---
[2025-11-20 08:31:58] Preparando envío a: yossi.zeballos@gmail.com
[2025-11-20 08:31:58] ✓ ENVIADO exitosamente a: yossi.zeballos@gmail.com
[2025-11-20 08:31:58] Esperando 3 segundos...
[2025-11-20 08:32:01] --- Procesando registro ID: 248 ---
[2025-11-20 08:32:01] Preparando envío a: gsl2006@gmail.com
[2025-11-20 08:32:01] ✓ ENVIADO exitosamente a: gsl2006@gmail.com
[2025-11-20 08:32:01] Esperando 3 segundos...
[2025-11-20 08:32:04] --- Procesando registro ID: 249 ---
[2025-11-20 08:32:04] Preparando envío a: sofi.mg12@gmail.com
[2025-11-20 08:32:04] ✓ ENVIADO exitosamente a: sofi.mg12@gmail.com
[2025-11-20 08:32:04] Esperando 3 segundos...
[2025-11-20 08:32:06] --- Procesando registro ID: 250 ---
[2025-11-20 08:32:06] Preparando envío a: natalybadillalvarez@gmail.com
[2025-11-20 08:32:06] ✓ ENVIADO exitosamente a: natalybadillalvarez@gmail.com
[2025-11-20 08:32:06] Esperando 3 segundos...
[2025-11-20 08:32:09] --- Procesando registro ID: 251 ---
[2025-11-20 08:32:09] Preparando envío a: carlos.chavez@medlog.com
[2025-11-20 08:32:09] ✓ ENVIADO exitosamente a: carlos.chavez@medlog.com
[2025-11-20 08:32:09] Esperando 3 segundos...
[2025-11-20 08:32:12] --- Procesando registro ID: 252 ---
[2025-11-20 08:32:12] Preparando envío a: rhernandezmu@gmail.com
[2025-11-20 08:32:12] ✓ ENVIADO exitosamente a: rhernandezmu@gmail.com
[2025-11-20 08:32:12] Esperando 3 segundos...
[2025-11-20 08:32:15] === FIN DE LOTE - Pausa de 45 segundos ===
[2025-11-20 08:32:56] === REANUDANDO ENVÍOS ===
[2025-11-20 08:32:56] --- Procesando registro ID: 253 ---
[2025-11-20 08:32:56] Preparando envío a: andres.henault@msc.com
[2025-11-20 08:32:56] ✓ ENVIADO exitosamente a: andres.henault@msc.com
[2025-11-20 08:32:56] Esperando 3 segundos...
[2025-11-20 08:32:59] --- Procesando registro ID: 254 ---
[2025-11-20 08:32:59] Preparando envío a: vangyur@gmail.com
[2025-11-20 08:32:59] ✓ ENVIADO exitosamente a: vangyur@gmail.com
[2025-11-20 08:32:59] Esperando 3 segundos...
[2025-11-20 08:33:01] --- Procesando registro ID: 255 ---
[2025-11-20 08:33:01] Preparando envío a: ERIQUELMEN@INVESTIGACIONES.CL
[2025-11-20 08:33:01] ✓ ENVIADO exitosamente a: ERIQUELMEN@INVESTIGACIONES.CL
[2025-11-20 08:33:01] Esperando 3 segundos...
[2025-11-20 08:33:04] --- Procesando registro ID: 256 ---
[2025-11-20 08:33:04] Preparando envío a: FALFAROP@INVESTIGACIONES.CL
[2025-11-20 08:33:04] ✓ ENVIADO exitosamente a: FALFAROP@INVESTIGACIONES.CL
[2025-11-20 08:33:04] Esperando 3 segundos...
[2025-11-20 08:33:07] --- Procesando registro ID: 257 ---
[2025-11-20 08:33:07] Preparando envío a: ECORTEZ@MINSEGPUBLICA.GOB.CL
[2025-11-20 08:33:07] ✓ ENVIADO exitosamente a: ECORTEZ@MINSEGPUBLICA.GOB.CL
[2025-11-20 08:33:07] Esperando 3 segundos...
[2025-11-20 08:33:10] --- Procesando registro ID: 258 ---
[2025-11-20 08:33:10] Preparando envío a: juancarlos.tapia@lns.maersk.com
[2025-11-20 08:33:10] ✓ ENVIADO exitosamente a: juancarlos.tapia@lns.maersk.com
[2025-11-20 08:33:10] Esperando 3 segundos...
[2025-11-20 08:33:13] --- Procesando registro ID: 259 ---
[2025-11-20 08:33:13] Preparando envío a: giocobracamonte2@gmail.com
[2025-11-20 08:33:13] ✓ ENVIADO exitosamente a: giocobracamonte2@gmail.com
[2025-11-20 08:33:13] Esperando 3 segundos...
[2025-11-20 08:33:21] --- Procesando registro ID: 260 ---
[2025-11-20 08:33:21] Preparando envío a: cynthia.celis@agunsa.cl
[2025-11-20 08:33:22] ✓ ENVIADO exitosamente a: cynthia.celis@agunsa.cl
[2025-11-20 08:33:22] Esperando 3 segundos...
[2025-11-20 08:33:18] --- Procesando registro ID: 261 ---
[2025-11-20 08:33:18] Preparando envío a: cynthia.celis@agunsa.com
[2025-11-20 08:33:18] ✓ ENVIADO exitosamente a: cynthia.celis@agunsa.com
[2025-11-20 08:33:18] Esperando 3 segundos...
[2025-11-20 08:33:21] --- Procesando registro ID: 262 ---
[2025-11-20 08:33:21] Preparando envío a: dogla19999@gmail.com
[2025-11-20 08:33:21] ✓ ENVIADO exitosamente a: dogla19999@gmail.com
[2025-11-20 08:33:21] Esperando 3 segundos...
[2025-11-20 08:33:24] --- Procesando registro ID: 263 ---
[2025-11-20 08:33:24] Preparando envío a: inversioneslepas@gmail.com
[2025-11-20 08:33:24] ✓ ENVIADO exitosamente a: inversioneslepas@gmail.com
[2025-11-20 08:33:24] Esperando 3 segundos...
[2025-11-20 08:33:26] --- Procesando registro ID: 264 ---
[2025-11-20 08:33:26] Preparando envío a: michelle.yanulaque@gmail.com
[2025-11-20 08:33:27] ✓ ENVIADO exitosamente a: michelle.yanulaque@gmail.com
[2025-11-20 08:33:27] Esperando 3 segundos...
[2025-11-20 08:33:30] === PROCESO COMPLETADO ===
[2025-11-20 08:33:30] Total enviados: 162
[2025-11-20 08:33:30] Total errores: 0
[2025-11-20 08:33:30] === FIN DEL SCRIPT ===
